2025-02-06 17:36:08.559 DEBUG [main] c.l.e.c.g.s.impl.TrainerServiceImpl Creating trainer: TrainerDto(specialization=CARDIO)
2025-02-06 17:36:08.572 DEBUG [main] c.l.e.c.g.s.impl.UserProfileService Generating username for user profile: TrainerDto(specialization=CARDIO)
2025-02-06 17:36:08.572 DEBUG [main] c.l.e.c.gym.dao.impl.TraineeDaoImpl Finding all trainees
2025-02-06 17:36:08.574 INFO [main] c.l.e.c.gym.dao.impl.TraineeDaoImpl Number of trainees found: 1
2025-02-06 17:36:08.574 DEBUG [main] c.l.e.c.gym.dao.impl.TrainerDaoImpl Finding all trainers
2025-02-06 17:36:08.574 INFO [main] c.l.e.c.gym.dao.impl.TrainerDaoImpl Number of trainers found: 1
2025-02-06 17:36:08.627 DEBUG [main] c.l.e.c.gym.dao.impl.TrainerDaoImpl Saving trainer: Trainer(specialization=CARDIO)
2025-02-06 17:36:08.627 INFO [main] c.l.e.c.gym.dao.impl.TrainerDaoImpl Trainer saved with ID: 1
2025-02-06 17:36:08.627 DEBUG [main] c.l.e.c.g.s.impl.TrainerServiceImpl Creating trainer: TrainerDto(specialization=STRENGTH_TRAINING)
2025-02-06 17:36:08.627 DEBUG [main] c.l.e.c.g.s.impl.UserProfileService Generating username for user profile: TrainerDto(specialization=STRENGTH_TRAINING)
2025-02-06 17:36:08.627 DEBUG [main] c.l.e.c.gym.dao.impl.TraineeDaoImpl Finding all trainees
2025-02-06 17:36:08.627 INFO [main] c.l.e.c.gym.dao.impl.TraineeDaoImpl Number of trainees found: 1
2025-02-06 17:36:08.627 DEBUG [main] c.l.e.c.gym.dao.impl.TrainerDaoImpl Finding all trainers
2025-02-06 17:36:08.627 INFO [main] c.l.e.c.gym.dao.impl.TrainerDaoImpl Number of trainers found: 1
2025-02-06 17:36:08.632 DEBUG [main] c.l.e.c.gym.dao.impl.TrainerDaoImpl Saving trainer: Trainer(specialization=STRENGTH_TRAINING)
2025-02-06 17:36:08.632 INFO [main] c.l.e.c.gym.dao.impl.TrainerDaoImpl Trainer saved with ID: 2
2025-02-06 17:40:50.358 DEBUG [main] c.l.e.c.g.s.impl.TrainerServiceImpl Creating trainer: TrainerDto(specialization=CARDIO)
2025-02-06 17:40:50.361 DEBUG [main] c.l.e.c.g.s.impl.UserProfileService Generating username for user profile: TrainerDto(specialization=CARDIO)
2025-02-06 17:40:50.361 DEBUG [main] c.l.e.c.gym.dao.impl.TraineeDaoImpl Finding all trainees
2025-02-06 17:40:50.361 INFO [main] c.l.e.c.gym.dao.impl.TraineeDaoImpl Number of trainees found: 1
2025-02-06 17:40:50.361 DEBUG [main] c.l.e.c.gym.dao.impl.TrainerDaoImpl Finding all trainers
2025-02-06 17:40:50.361 INFO [main] c.l.e.c.gym.dao.impl.TrainerDaoImpl Number of trainers found: 1
2025-02-06 17:40:50.404 DEBUG [main] c.l.e.c.gym.dao.impl.TrainerDaoImpl Saving trainer: Trainer(specialization=CARDIO)
2025-02-06 17:40:50.404 INFO [main] c.l.e.c.gym.dao.impl.TrainerDaoImpl Trainer saved with ID: 1
2025-02-06 17:40:50.404 DEBUG [main] c.l.e.c.g.s.impl.TrainerServiceImpl Creating trainer: TrainerDto(specialization=STRENGTH_TRAINING)
2025-02-06 17:40:50.404 DEBUG [main] c.l.e.c.g.s.impl.UserProfileService Generating username for user profile: TrainerDto(specialization=STRENGTH_TRAINING)
2025-02-06 17:40:50.406 DEBUG [main] c.l.e.c.gym.dao.impl.TraineeDaoImpl Finding all trainees
2025-02-06 17:40:50.406 INFO [main] c.l.e.c.gym.dao.impl.TraineeDaoImpl Number of trainees found: 1
2025-02-06 17:40:50.406 DEBUG [main] c.l.e.c.gym.dao.impl.TrainerDaoImpl Finding all trainers
2025-02-06 17:40:50.406 INFO [main] c.l.e.c.gym.dao.impl.TrainerDaoImpl Number of trainers found: 1
2025-02-06 17:40:50.406 DEBUG [main] c.l.e.c.gym.dao.impl.TrainerDaoImpl Saving trainer: Trainer(specialization=STRENGTH_TRAINING)
2025-02-06 17:40:50.406 INFO [main] c.l.e.c.gym.dao.impl.TrainerDaoImpl Trainer saved with ID: 2
2025-02-06 17:59:52.277 DEBUG [main] c.l.e.c.g.s.impl.TrainerServiceImpl Creating trainer: TrainerDto(specialization=CARDIO)
2025-02-06 17:59:52.279 DEBUG [main] c.l.e.c.g.s.impl.UserProfileService Generating username for user profile: TrainerDto(specialization=CARDIO)
2025-02-06 17:59:52.280 DEBUG [main] c.l.e.c.gym.dao.impl.TraineeDaoImpl Finding all trainees
2025-02-06 17:59:52.280 INFO [main] c.l.e.c.gym.dao.impl.TraineeDaoImpl Number of trainees found: 0
2025-02-06 17:59:52.280 DEBUG [main] c.l.e.c.gym.dao.impl.TrainerDaoImpl Finding all trainers
2025-02-06 17:59:52.280 INFO [main] c.l.e.c.gym.dao.impl.TrainerDaoImpl Number of trainers found: 0
2025-02-06 17:59:52.321 DEBUG [main] c.l.e.c.gym.dao.impl.TrainerDaoImpl Saving trainer: Trainer(specialization=CARDIO)
2025-02-06 17:59:52.322 INFO [main] c.l.e.c.gym.dao.impl.TrainerDaoImpl Trainer saved with ID: 1
2025-02-06 17:59:52.322 DEBUG [main] c.l.e.c.g.s.impl.TrainerServiceImpl Creating trainer: TrainerDto(specialization=STRENGTH_TRAINING)
2025-02-06 17:59:52.322 DEBUG [main] c.l.e.c.g.s.impl.UserProfileService Generating username for user profile: TrainerDto(specialization=STRENGTH_TRAINING)
2025-02-06 17:59:52.322 DEBUG [main] c.l.e.c.gym.dao.impl.TraineeDaoImpl Finding all trainees
2025-02-06 17:59:52.322 INFO [main] c.l.e.c.gym.dao.impl.TraineeDaoImpl Number of trainees found: 0
2025-02-06 17:59:52.322 DEBUG [main] c.l.e.c.gym.dao.impl.TrainerDaoImpl Finding all trainers
2025-02-06 17:59:52.322 INFO [main] c.l.e.c.gym.dao.impl.TrainerDaoImpl Number of trainers found: 1
2025-02-06 17:59:52.324 DEBUG [main] c.l.e.c.gym.dao.impl.TrainerDaoImpl Saving trainer: Trainer(specialization=STRENGTH_TRAINING)
2025-02-06 17:59:52.325 INFO [main] c.l.e.c.gym.dao.impl.TrainerDaoImpl Trainer saved with ID: 2
2025-02-06 18:13:25.508 DEBUG [main] c.l.e.c.g.s.impl.TrainerServiceImpl Creating trainer: TrainerDto(specialization=CARDIO)
2025-02-06 18:13:25.508 DEBUG [main] c.l.e.c.g.s.impl.UserProfileService Generating username for user profile: TrainerDto(specialization=CARDIO)
2025-02-06 18:13:25.508 DEBUG [main] c.l.e.c.gym.dao.impl.TraineeDaoImpl Finding all trainees
2025-02-06 18:13:25.508 INFO [main] c.l.e.c.gym.dao.impl.TraineeDaoImpl Number of trainees found: 1
2025-02-06 18:13:25.508 DEBUG [main] c.l.e.c.gym.dao.impl.TrainerDaoImpl Finding all trainers
2025-02-06 18:13:25.508 INFO [main] c.l.e.c.gym.dao.impl.TrainerDaoImpl Number of trainers found: 1
2025-02-06 18:13:25.553 DEBUG [main] c.l.e.c.gym.dao.impl.TrainerDaoImpl Saving trainer: Trainer(specialization=CARDIO)
2025-02-06 18:13:25.553 INFO [main] c.l.e.c.gym.dao.impl.TrainerDaoImpl Trainer saved with ID: 1
2025-02-06 18:13:25.553 DEBUG [main] c.l.e.c.g.s.impl.TrainerServiceImpl Creating trainer: TrainerDto(specialization=STRENGTH_TRAINING)
2025-02-06 18:13:25.553 DEBUG [main] c.l.e.c.g.s.impl.UserProfileService Generating username for user profile: TrainerDto(specialization=STRENGTH_TRAINING)
2025-02-06 18:13:25.553 DEBUG [main] c.l.e.c.gym.dao.impl.TraineeDaoImpl Finding all trainees
2025-02-06 18:13:25.553 INFO [main] c.l.e.c.gym.dao.impl.TraineeDaoImpl Number of trainees found: 1
2025-02-06 18:13:25.553 DEBUG [main] c.l.e.c.gym.dao.impl.TrainerDaoImpl Finding all trainers
2025-02-06 18:13:25.553 INFO [main] c.l.e.c.gym.dao.impl.TrainerDaoImpl Number of trainers found: 1
2025-02-06 18:13:25.569 DEBUG [main] c.l.e.c.gym.dao.impl.TrainerDaoImpl Saving trainer: Trainer(specialization=STRENGTH_TRAINING)
2025-02-06 18:13:25.569 INFO [main] c.l.e.c.gym.dao.impl.TrainerDaoImpl Trainer saved with ID: 2
2025-02-06 18:14:34.702 DEBUG [main] c.l.e.c.g.s.impl.TrainerServiceImpl Creating trainer: TrainerDto(specialization=CARDIO)
2025-02-06 18:14:34.702 DEBUG [main] c.l.e.c.g.s.impl.UserProfileService Generating username for user profile: TrainerDto(specialization=CARDIO)
2025-02-06 18:14:34.702 DEBUG [main] c.l.e.c.gym.dao.impl.TraineeDaoImpl Finding all trainees
2025-02-06 18:14:34.702 INFO [main] c.l.e.c.gym.dao.impl.TraineeDaoImpl Number of trainees found: 1
2025-02-06 18:14:34.702 DEBUG [main] c.l.e.c.gym.dao.impl.TrainerDaoImpl Finding all trainers
2025-02-06 18:14:34.702 INFO [main] c.l.e.c.gym.dao.impl.TrainerDaoImpl Number of trainers found: 1
2025-02-06 18:14:34.754 DEBUG [main] c.l.e.c.gym.dao.impl.TrainerDaoImpl Saving trainer: Trainer(specialization=CARDIO)
2025-02-06 18:14:34.756 INFO [main] c.l.e.c.gym.dao.impl.TrainerDaoImpl Trainer saved with ID: 1
2025-02-06 18:14:34.756 DEBUG [main] c.l.e.c.g.s.impl.TrainerServiceImpl Creating trainer: TrainerDto(specialization=STRENGTH_TRAINING)
2025-02-06 18:14:34.756 DEBUG [main] c.l.e.c.g.s.impl.UserProfileService Generating username for user profile: TrainerDto(specialization=STRENGTH_TRAINING)
2025-02-06 18:14:34.756 DEBUG [main] c.l.e.c.gym.dao.impl.TraineeDaoImpl Finding all trainees
2025-02-06 18:14:34.756 INFO [main] c.l.e.c.gym.dao.impl.TraineeDaoImpl Number of trainees found: 1
2025-02-06 18:14:34.756 DEBUG [main] c.l.e.c.gym.dao.impl.TrainerDaoImpl Finding all trainers
2025-02-06 18:14:34.756 INFO [main] c.l.e.c.gym.dao.impl.TrainerDaoImpl Number of trainers found: 1
2025-02-06 18:14:34.756 DEBUG [main] c.l.e.c.gym.dao.impl.TrainerDaoImpl Saving trainer: Trainer(specialization=STRENGTH_TRAINING)
2025-02-06 18:14:34.756 INFO [main] c.l.e.c.gym.dao.impl.TrainerDaoImpl Trainer saved with ID: 2
2025-02-06 18:14:34.756 DEBUG [main] c.l.e.c.g.s.impl.TrainerServiceImpl Finding all trainers
2025-02-06 18:14:34.756 DEBUG [main] c.l.e.c.gym.dao.impl.TrainerDaoImpl Finding all trainers
2025-02-06 18:14:34.756 INFO [main] c.l.e.c.gym.dao.impl.TrainerDaoImpl Number of trainers found: 2
2025-02-06 18:20:40.239 DEBUG [main] c.l.e.c.g.s.impl.TrainerServiceImpl Creating trainer: TrainerDto(specialization=CARDIO)
2025-02-06 18:20:40.241 DEBUG [main] c.l.e.c.g.s.impl.UserProfileService Generating username for user profile: TrainerDto(specialization=CARDIO)
2025-02-06 18:20:40.243 DEBUG [main] c.l.e.c.gym.dao.impl.TraineeDaoImpl Finding all trainees
2025-02-06 18:20:40.243 INFO [main] c.l.e.c.gym.dao.impl.TraineeDaoImpl Number of trainees found: 1
2025-02-06 18:20:40.243 DEBUG [main] c.l.e.c.gym.dao.impl.TrainerDaoImpl Finding all trainers
2025-02-06 18:20:40.243 INFO [main] c.l.e.c.gym.dao.impl.TrainerDaoImpl Number of trainers found: 1
2025-02-06 18:20:40.280 DEBUG [main] c.l.e.c.gym.dao.impl.TrainerDaoImpl Saving trainer: Trainer(specialization=CARDIO)
2025-02-06 18:20:40.280 INFO [main] c.l.e.c.gym.dao.impl.TrainerDaoImpl Trainer saved with ID: 1
2025-02-06 18:20:40.280 DEBUG [main] c.l.e.c.g.s.impl.TrainerServiceImpl Creating trainer: TrainerDto(specialization=STRENGTH_TRAINING)
2025-02-06 18:20:40.280 DEBUG [main] c.l.e.c.g.s.impl.UserProfileService Generating username for user profile: TrainerDto(specialization=STRENGTH_TRAINING)
2025-02-06 18:20:40.280 DEBUG [main] c.l.e.c.gym.dao.impl.TraineeDaoImpl Finding all trainees
2025-02-06 18:20:40.280 INFO [main] c.l.e.c.gym.dao.impl.TraineeDaoImpl Number of trainees found: 1
2025-02-06 18:20:40.280 DEBUG [main] c.l.e.c.gym.dao.impl.TrainerDaoImpl Finding all trainers
2025-02-06 18:20:40.280 INFO [main] c.l.e.c.gym.dao.impl.TrainerDaoImpl Number of trainers found: 1
2025-02-06 18:20:40.280 DEBUG [main] c.l.e.c.gym.dao.impl.TrainerDaoImpl Saving trainer: Trainer(specialization=STRENGTH_TRAINING)
2025-02-06 18:20:40.280 INFO [main] c.l.e.c.gym.dao.impl.TrainerDaoImpl Trainer saved with ID: 2
2025-02-06 18:20:40.280 DEBUG [main] c.l.e.c.g.s.impl.TrainerServiceImpl Finding all trainers
2025-02-06 18:20:40.280 DEBUG [main] c.l.e.c.gym.dao.impl.TrainerDaoImpl Finding all trainers
2025-02-06 18:20:40.280 INFO [main] c.l.e.c.gym.dao.impl.TrainerDaoImpl Number of trainers found: 2
2025-02-06 19:07:09.633 DEBUG [main] c.l.e.c.g.dao.storage.TraineeStorage Initializing TraineeStorage from file: src/main/resources/data/dev-data.csv
2025-02-06 19:07:09.640 DEBUG [main] c.l.e.c.g.dao.storage.TraineeStorage Loaded trainee: Trainee(dateOfBirth=1990-01-01, address=123 Main St)
2025-02-06 19:07:09.640 INFO [main] c.l.e.c.g.dao.storage.TraineeStorage TraineeStorage initialized successfully
2025-02-06 19:07:09.642 DEBUG [main] c.l.e.c.g.dao.storage.TrainerStorage Initializing TrainerStorage from file: src/main/resources/data/dev-data.csv
2025-02-06 19:07:09.643 DEBUG [main] c.l.e.c.g.dao.storage.TrainerStorage Loaded trainer: Trainer(specialization=CARDIO)
2025-02-06 19:07:09.644 INFO [main] c.l.e.c.g.dao.storage.TrainerStorage TrainerStorage initialized successfully
2025-02-06 19:07:09.649 DEBUG [main] c.l.e.c.g.d.storage.TrainingStorage Initializing TrainingStorage from file: src/main/resources/data/dev-data.csv
2025-02-06 19:07:09.650 DEBUG [main] c.l.e.c.g.d.storage.TrainingStorage Loaded training: Training(id=1, traineeId=2, trainerId=1, name=Morning Cardio Session, type=CARDIO, date=2023-10-14, duration=60)
2025-02-06 19:07:09.658 INFO [main] c.l.e.c.g.d.storage.TrainingStorage TrainingStorage initialized successfully
2025-02-06 19:07:09.783 DEBUG [main] c.l.e.c.g.s.impl.TrainerServiceImpl Creating trainer: TrainerDto(specialization=CARDIO)
2025-02-06 19:07:09.788 DEBUG [main] c.l.e.c.g.s.impl.UserProfileService Generating username for user profile: TrainerDto(specialization=CARDIO)
2025-02-06 19:07:09.788 DEBUG [main] c.l.e.c.gym.dao.impl.TraineeDaoImpl Finding all trainees
2025-02-06 19:07:09.789 INFO [main] c.l.e.c.gym.dao.impl.TraineeDaoImpl Number of trainees found: 1
2025-02-06 19:07:09.789 DEBUG [main] c.l.e.c.gym.dao.impl.TrainerDaoImpl Finding all trainers
2025-02-06 19:07:09.789 INFO [main] c.l.e.c.gym.dao.impl.TrainerDaoImpl Number of trainers found: 1
2025-02-06 19:07:09.826 DEBUG [main] c.l.e.c.gym.dao.impl.TrainerDaoImpl Saving trainer: Trainer(specialization=CARDIO)
2025-02-06 19:07:09.826 INFO [main] c.l.e.c.gym.dao.impl.TrainerDaoImpl Trainer saved with ID: 1
2025-02-06 19:07:09.826 DEBUG [main] c.l.e.c.g.s.impl.TrainerServiceImpl Creating trainer: TrainerDto(specialization=STRENGTH_TRAINING)
2025-02-06 19:07:09.828 DEBUG [main] c.l.e.c.g.s.impl.UserProfileService Generating username for user profile: TrainerDto(specialization=STRENGTH_TRAINING)
2025-02-06 19:07:09.828 DEBUG [main] c.l.e.c.gym.dao.impl.TraineeDaoImpl Finding all trainees
2025-02-06 19:07:09.828 INFO [main] c.l.e.c.gym.dao.impl.TraineeDaoImpl Number of trainees found: 1
2025-02-06 19:07:09.828 DEBUG [main] c.l.e.c.gym.dao.impl.TrainerDaoImpl Finding all trainers
2025-02-06 19:07:09.828 INFO [main] c.l.e.c.gym.dao.impl.TrainerDaoImpl Number of trainers found: 1
2025-02-06 19:07:09.830 DEBUG [main] c.l.e.c.gym.dao.impl.TrainerDaoImpl Saving trainer: Trainer(specialization=STRENGTH_TRAINING)
2025-02-06 19:07:09.830 INFO [main] c.l.e.c.gym.dao.impl.TrainerDaoImpl Trainer saved with ID: 2
2025-02-06 19:07:09.830 DEBUG [main] c.l.e.c.g.s.impl.TrainerServiceImpl Finding all trainers
2025-02-06 19:07:09.830 DEBUG [main] c.l.e.c.gym.dao.impl.TrainerDaoImpl Finding all trainers
2025-02-06 19:07:09.830 INFO [main] c.l.e.c.gym.dao.impl.TrainerDaoImpl Number of trainers found: 2
2025-02-06 19:08:38.699 DEBUG [main] c.l.e.c.g.dao.storage.TraineeStorage Initializing TraineeStorage from file: src/main/resources/data/dev-data.csv
2025-02-06 19:08:38.710 DEBUG [main] c.l.e.c.g.dao.storage.TraineeStorage Loaded trainee: Trainee(dateOfBirth=1990-01-01, address=123 Main St)
2025-02-06 19:08:38.712 INFO [main] c.l.e.c.g.dao.storage.TraineeStorage TraineeStorage initialized successfully
2025-02-06 19:09:15.183 DEBUG [main] c.l.e.c.g.dao.storage.TrainerStorage Initializing TrainerStorage from file: src/main/resources/data/dev-data.csv
2025-02-06 19:09:15.193 DEBUG [main] c.l.e.c.g.dao.storage.TrainerStorage Loaded trainer: Trainer(specialization=CARDIO)
2025-02-06 19:09:15.198 INFO [main] c.l.e.c.g.dao.storage.TrainerStorage TrainerStorage initialized successfully
2025-02-06 19:09:19.540 DEBUG [main] c.l.e.c.g.d.storage.TrainingStorage Initializing TrainingStorage from file: src/main/resources/data/dev-data.csv
2025-02-06 19:09:19.541 DEBUG [main] c.l.e.c.g.d.storage.TrainingStorage Loaded training: Training(id=1, traineeId=2, trainerId=1, name=Morning Cardio Session, type=CARDIO, date=2023-10-14, duration=60)
2025-02-06 19:09:19.548 INFO [main] c.l.e.c.g.d.storage.TrainingStorage TrainingStorage initialized successfully
2025-02-06 19:09:53.083 DEBUG [main] c.l.e.c.g.dao.storage.TraineeStorage Initializing TraineeStorage from file: src/main/resources/data/dev-data.csv
2025-02-06 19:09:53.086 DEBUG [main] c.l.e.c.g.dao.storage.TraineeStorage Loaded trainee: Trainee(dateOfBirth=1990-01-01, address=123 Main St)
2025-02-06 19:09:53.086 INFO [main] c.l.e.c.g.dao.storage.TraineeStorage TraineeStorage initialized successfully
2025-02-06 19:09:53.089 DEBUG [main] c.l.e.c.g.dao.storage.TrainerStorage Initializing TrainerStorage from file: src/main/resources/data/dev-data.csv
2025-02-06 19:09:53.090 DEBUG [main] c.l.e.c.g.dao.storage.TrainerStorage Loaded trainer: Trainer(specialization=CARDIO)
2025-02-06 19:09:53.090 INFO [main] c.l.e.c.g.dao.storage.TrainerStorage TrainerStorage initialized successfully
2025-02-06 19:09:53.092 DEBUG [main] c.l.e.c.g.d.storage.TrainingStorage Initializing TrainingStorage from file: src/main/resources/data/dev-data.csv
2025-02-06 19:09:53.092 DEBUG [main] c.l.e.c.g.d.storage.TrainingStorage Loaded training: Training(id=1, traineeId=2, trainerId=1, name=Morning Cardio Session, type=CARDIO, date=2023-10-14, duration=60)
2025-02-06 19:09:53.099 INFO [main] c.l.e.c.g.d.storage.TrainingStorage TrainingStorage initialized successfully
2025-02-06 19:09:53.203 DEBUG [main] c.l.e.c.g.s.impl.TrainerServiceImpl Creating trainer: TrainerDto(specialization=CARDIO)
2025-02-06 19:09:53.203 DEBUG [main] c.l.e.c.g.s.impl.UserProfileService Generating username for user profile: TrainerDto(specialization=CARDIO)
2025-02-06 19:09:53.204 DEBUG [main] c.l.e.c.gym.dao.impl.TraineeDaoImpl Finding all trainees
2025-02-06 19:09:53.204 INFO [main] c.l.e.c.gym.dao.impl.TraineeDaoImpl Number of trainees found: 1
2025-02-06 19:09:53.204 DEBUG [main] c.l.e.c.gym.dao.impl.TrainerDaoImpl Finding all trainers
2025-02-06 19:09:53.204 INFO [main] c.l.e.c.gym.dao.impl.TrainerDaoImpl Number of trainers found: 1
2025-02-06 19:09:53.262 DEBUG [main] c.l.e.c.gym.dao.impl.TrainerDaoImpl Saving trainer: Trainer(specialization=CARDIO)
2025-02-06 19:09:53.263 INFO [main] c.l.e.c.gym.dao.impl.TrainerDaoImpl Trainer saved with ID: 1
2025-02-06 19:09:53.263 DEBUG [main] c.l.e.c.g.s.impl.TrainerServiceImpl Creating trainer: TrainerDto(specialization=STRENGTH_TRAINING)
2025-02-06 19:09:53.263 DEBUG [main] c.l.e.c.g.s.impl.UserProfileService Generating username for user profile: TrainerDto(specialization=STRENGTH_TRAINING)
2025-02-06 19:09:53.263 DEBUG [main] c.l.e.c.gym.dao.impl.TraineeDaoImpl Finding all trainees
2025-02-06 19:09:53.263 INFO [main] c.l.e.c.gym.dao.impl.TraineeDaoImpl Number of trainees found: 1
2025-02-06 19:09:53.263 DEBUG [main] c.l.e.c.gym.dao.impl.TrainerDaoImpl Finding all trainers
2025-02-06 19:09:53.263 INFO [main] c.l.e.c.gym.dao.impl.TrainerDaoImpl Number of trainers found: 1
2025-02-06 19:09:53.265 DEBUG [main] c.l.e.c.gym.dao.impl.TrainerDaoImpl Saving trainer: Trainer(specialization=STRENGTH_TRAINING)
2025-02-06 19:09:53.265 INFO [main] c.l.e.c.gym.dao.impl.TrainerDaoImpl Trainer saved with ID: 2
2025-02-06 19:09:53.265 DEBUG [main] c.l.e.c.g.s.impl.TrainerServiceImpl Finding all trainers
2025-02-06 19:09:53.266 DEBUG [main] c.l.e.c.gym.dao.impl.TrainerDaoImpl Finding all trainers
2025-02-06 19:09:53.266 INFO [main] c.l.e.c.gym.dao.impl.TrainerDaoImpl Number of trainers found: 2
2025-02-06 19:16:18.736 DEBUG [main] c.l.e.c.g.dao.storage.TraineeStorage Initializing TraineeStorage from file: src/main/resources/data/dev-data.csv
2025-02-06 19:16:18.746 DEBUG [main] c.l.e.c.g.dao.storage.TraineeStorage Loaded trainee: Trainee(dateOfBirth=1990-01-01, address=123 Main St)
2025-02-06 19:16:18.747 INFO [main] c.l.e.c.g.dao.storage.TraineeStorage TraineeStorage initialized successfully
2025-02-06 19:16:18.747 DEBUG [main] c.l.e.c.g.dao.storage.TrainerStorage Initializing TrainerStorage from file: src/main/resources/data/dev-data.csv
2025-02-06 19:16:18.747 DEBUG [main] c.l.e.c.g.dao.storage.TrainerStorage Loaded trainer: Trainer(specialization=CARDIO)
2025-02-06 19:16:18.747 INFO [main] c.l.e.c.g.dao.storage.TrainerStorage TrainerStorage initialized successfully
2025-02-06 19:16:18.747 DEBUG [main] c.l.e.c.g.d.storage.TrainingStorage Initializing TrainingStorage from file: src/main/resources/data/dev-data.csv
2025-02-06 19:16:18.747 DEBUG [main] c.l.e.c.g.d.storage.TrainingStorage Loaded training: Training(id=1, traineeId=2, trainerId=1, name=Morning Cardio Session, type=CARDIO, date=2023-10-14, duration=60)
2025-02-06 19:16:18.756 INFO [main] c.l.e.c.g.d.storage.TrainingStorage TrainingStorage initialized successfully
2025-02-06 19:16:18.858 DEBUG [main] c.l.e.c.g.s.impl.TrainerServiceImpl Creating trainer: TrainerDto(specialization=CARDIO)
2025-02-06 19:16:18.858 DEBUG [main] c.l.e.c.g.s.impl.UserProfileService Generating username for user profile: TrainerDto(specialization=CARDIO)
2025-02-06 19:16:18.858 DEBUG [main] c.l.e.c.gym.dao.impl.TraineeDaoImpl Finding all trainees
2025-02-06 19:16:18.858 INFO [main] c.l.e.c.gym.dao.impl.TraineeDaoImpl Number of trainees found: 1
2025-02-06 19:16:18.858 DEBUG [main] c.l.e.c.gym.dao.impl.TrainerDaoImpl Finding all trainers
2025-02-06 19:16:18.858 INFO [main] c.l.e.c.gym.dao.impl.TrainerDaoImpl Number of trainers found: 1
2025-02-06 19:16:18.897 DEBUG [main] c.l.e.c.gym.dao.impl.TrainerDaoImpl Saving trainer: Trainer(specialization=CARDIO)
2025-02-06 19:16:18.897 INFO [main] c.l.e.c.gym.dao.impl.TrainerDaoImpl Trainer saved with ID: 1
2025-02-06 19:16:18.897 DEBUG [main] c.l.e.c.g.s.impl.TrainerServiceImpl Creating trainer: TrainerDto(specialization=STRENGTH_TRAINING)
2025-02-06 19:16:18.897 DEBUG [main] c.l.e.c.g.s.impl.UserProfileService Generating username for user profile: TrainerDto(specialization=STRENGTH_TRAINING)
2025-02-06 19:16:18.897 DEBUG [main] c.l.e.c.gym.dao.impl.TraineeDaoImpl Finding all trainees
2025-02-06 19:16:18.897 INFO [main] c.l.e.c.gym.dao.impl.TraineeDaoImpl Number of trainees found: 1
2025-02-06 19:16:18.897 DEBUG [main] c.l.e.c.gym.dao.impl.TrainerDaoImpl Finding all trainers
2025-02-06 19:16:18.897 INFO [main] c.l.e.c.gym.dao.impl.TrainerDaoImpl Number of trainers found: 1
2025-02-06 19:16:18.905 DEBUG [main] c.l.e.c.gym.dao.impl.TrainerDaoImpl Saving trainer: Trainer(specialization=STRENGTH_TRAINING)
2025-02-06 19:16:18.905 INFO [main] c.l.e.c.gym.dao.impl.TrainerDaoImpl Trainer saved with ID: 2
2025-02-06 19:16:18.905 DEBUG [main] c.l.e.c.g.s.impl.TrainerServiceImpl Finding all trainers
2025-02-06 19:16:18.905 DEBUG [main] c.l.e.c.gym.dao.impl.TrainerDaoImpl Finding all trainers
2025-02-06 19:16:18.905 INFO [main] c.l.e.c.gym.dao.impl.TrainerDaoImpl Number of trainers found: 2
2025-02-06 19:17:04.547 DEBUG [main] c.l.e.c.g.dao.storage.TraineeStorage Initializing TraineeStorage from file: src/main/resources/data/dev-data.csv
2025-02-06 19:17:04.547 DEBUG [main] c.l.e.c.g.dao.storage.TraineeStorage Loaded trainee: Trainee(dateOfBirth=1990-01-01, address=123 Main St)
2025-02-06 19:17:04.547 INFO [main] c.l.e.c.g.dao.storage.TraineeStorage TraineeStorage initialized successfully
2025-02-06 19:17:04.555 DEBUG [main] c.l.e.c.g.dao.storage.TrainerStorage Initializing TrainerStorage from file: src/main/resources/data/dev-data.csv
2025-02-06 19:17:04.556 DEBUG [main] c.l.e.c.g.dao.storage.TrainerStorage Loaded trainer: Trainer(specialization=CARDIO)
2025-02-06 19:17:04.556 INFO [main] c.l.e.c.g.dao.storage.TrainerStorage TrainerStorage initialized successfully
2025-02-06 19:17:04.556 DEBUG [main] c.l.e.c.g.d.storage.TrainingStorage Initializing TrainingStorage from file: src/main/resources/data/dev-data.csv
2025-02-06 19:17:04.556 DEBUG [main] c.l.e.c.g.d.storage.TrainingStorage Loaded training: Training(id=1, traineeId=2, trainerId=1, name=Morning Cardio Session, type=CARDIO, date=2023-10-14, duration=60)
2025-02-06 19:17:04.565 INFO [main] c.l.e.c.g.d.storage.TrainingStorage TrainingStorage initialized successfully
2025-02-06 19:17:04.670 DEBUG [main] c.l.e.c.g.s.impl.TrainerServiceImpl Creating trainer: TrainerDto(specialization=CARDIO)
2025-02-06 19:17:04.670 DEBUG [main] c.l.e.c.g.s.impl.UserProfileService Generating username for user profile: TrainerDto(specialization=CARDIO)
2025-02-06 19:17:04.670 DEBUG [main] c.l.e.c.gym.dao.impl.TraineeDaoImpl Finding all trainees
2025-02-06 19:17:04.670 INFO [main] c.l.e.c.gym.dao.impl.TraineeDaoImpl Number of trainees found: 1
2025-02-06 19:17:04.670 DEBUG [main] c.l.e.c.gym.dao.impl.TrainerDaoImpl Finding all trainers
2025-02-06 19:17:04.670 INFO [main] c.l.e.c.gym.dao.impl.TrainerDaoImpl Number of trainers found: 1
2025-02-06 19:17:04.717 DEBUG [main] c.l.e.c.gym.dao.impl.TrainerDaoImpl Saving trainer: Trainer(specialization=CARDIO)
2025-02-06 19:17:04.717 INFO [main] c.l.e.c.gym.dao.impl.TrainerDaoImpl Trainer saved with ID: 1
2025-02-06 19:17:04.717 DEBUG [main] c.l.e.c.g.s.impl.TrainerServiceImpl Creating trainer: TrainerDto(specialization=STRENGTH_TRAINING)
2025-02-06 19:17:04.717 DEBUG [main] c.l.e.c.g.s.impl.UserProfileService Generating username for user profile: TrainerDto(specialization=STRENGTH_TRAINING)
2025-02-06 19:17:04.717 DEBUG [main] c.l.e.c.gym.dao.impl.TraineeDaoImpl Finding all trainees
2025-02-06 19:17:04.717 INFO [main] c.l.e.c.gym.dao.impl.TraineeDaoImpl Number of trainees found: 1
2025-02-06 19:17:04.717 DEBUG [main] c.l.e.c.gym.dao.impl.TrainerDaoImpl Finding all trainers
2025-02-06 19:17:04.717 INFO [main] c.l.e.c.gym.dao.impl.TrainerDaoImpl Number of trainers found: 1
2025-02-06 19:17:04.717 DEBUG [main] c.l.e.c.gym.dao.impl.TrainerDaoImpl Saving trainer: Trainer(specialization=STRENGTH_TRAINING)
2025-02-06 19:17:04.717 INFO [main] c.l.e.c.gym.dao.impl.TrainerDaoImpl Trainer saved with ID: 2
2025-02-06 19:17:04.717 DEBUG [main] c.l.e.c.g.s.impl.TrainerServiceImpl Finding all trainers
2025-02-06 19:17:04.717 DEBUG [main] c.l.e.c.gym.dao.impl.TrainerDaoImpl Finding all trainers
2025-02-06 19:17:04.717 INFO [main] c.l.e.c.gym.dao.impl.TrainerDaoImpl Number of trainers found: 2
2025-02-06 19:17:35.686 DEBUG [main] c.l.e.c.g.dao.storage.TraineeStorage Initializing TraineeStorage from file: src/main/resources/data/dev-data.csv
2025-02-06 19:17:35.691 DEBUG [main] c.l.e.c.g.dao.storage.TraineeStorage Loaded trainee: Trainee(dateOfBirth=1990-01-01, address=123 Main St)
2025-02-06 19:17:35.691 INFO [main] c.l.e.c.g.dao.storage.TraineeStorage TraineeStorage initialized successfully
2025-02-06 19:17:35.695 DEBUG [main] c.l.e.c.g.dao.storage.TrainerStorage Initializing TrainerStorage from file: src/main/resources/data/dev-data.csv
2025-02-06 19:17:35.696 DEBUG [main] c.l.e.c.g.dao.storage.TrainerStorage Loaded trainer: Trainer(specialization=CARDIO)
2025-02-06 19:17:35.696 INFO [main] c.l.e.c.g.dao.storage.TrainerStorage TrainerStorage initialized successfully
2025-02-06 19:17:35.697 DEBUG [main] c.l.e.c.g.d.storage.TrainingStorage Initializing TrainingStorage from file: src/main/resources/data/dev-data.csv
2025-02-06 19:17:35.697 DEBUG [main] c.l.e.c.g.d.storage.TrainingStorage Loaded training: Training(id=1, traineeId=2, trainerId=1, name=Morning Cardio Session, type=CARDIO, date=2023-10-14, duration=60)
2025-02-06 19:17:35.702 INFO [main] c.l.e.c.g.d.storage.TrainingStorage TrainingStorage initialized successfully
2025-02-06 19:17:35.796 DEBUG [main] c.l.e.c.g.s.impl.TrainerServiceImpl Creating trainer: TrainerDto(specialization=CARDIO)
2025-02-06 19:17:35.796 DEBUG [main] c.l.e.c.g.s.impl.UserProfileService Generating username for user profile: TrainerDto(specialization=CARDIO)
2025-02-06 19:17:35.796 DEBUG [main] c.l.e.c.gym.dao.impl.TraineeDaoImpl Finding all trainees
2025-02-06 19:17:35.796 INFO [main] c.l.e.c.gym.dao.impl.TraineeDaoImpl Number of trainees found: 1
2025-02-06 19:17:35.796 DEBUG [main] c.l.e.c.gym.dao.impl.TrainerDaoImpl Finding all trainers
2025-02-06 19:17:35.796 INFO [main] c.l.e.c.gym.dao.impl.TrainerDaoImpl Number of trainers found: 1
2025-02-06 19:17:35.843 DEBUG [main] c.l.e.c.gym.dao.impl.TrainerDaoImpl Saving trainer: Trainer(specialization=CARDIO)
2025-02-06 19:17:35.845 INFO [main] c.l.e.c.gym.dao.impl.TrainerDaoImpl Trainer saved with ID: 1
2025-02-06 19:17:35.845 DEBUG [main] c.l.e.c.g.s.impl.TrainerServiceImpl Creating trainer: TrainerDto(specialization=STRENGTH_TRAINING)
2025-02-06 19:17:35.845 DEBUG [main] c.l.e.c.g.s.impl.UserProfileService Generating username for user profile: TrainerDto(specialization=STRENGTH_TRAINING)
2025-02-06 19:17:35.845 DEBUG [main] c.l.e.c.gym.dao.impl.TraineeDaoImpl Finding all trainees
2025-02-06 19:17:35.845 INFO [main] c.l.e.c.gym.dao.impl.TraineeDaoImpl Number of trainees found: 1
2025-02-06 19:17:35.845 DEBUG [main] c.l.e.c.gym.dao.impl.TrainerDaoImpl Finding all trainers
2025-02-06 19:17:35.845 INFO [main] c.l.e.c.gym.dao.impl.TrainerDaoImpl Number of trainers found: 1
2025-02-06 19:17:35.846 DEBUG [main] c.l.e.c.gym.dao.impl.TrainerDaoImpl Saving trainer: Trainer(specialization=STRENGTH_TRAINING)
2025-02-06 19:17:35.847 INFO [main] c.l.e.c.gym.dao.impl.TrainerDaoImpl Trainer saved with ID: 2
2025-02-06 19:17:35.847 DEBUG [main] c.l.e.c.g.s.impl.TrainerServiceImpl Finding all trainers
2025-02-06 19:17:35.847 DEBUG [main] c.l.e.c.gym.dao.impl.TrainerDaoImpl Finding all trainers
2025-02-06 19:17:35.847 INFO [main] c.l.e.c.gym.dao.impl.TrainerDaoImpl Number of trainers found: 2
2025-02-06 19:18:57.049 DEBUG [main] c.l.e.c.g.dao.storage.TraineeStorage Initializing TraineeStorage from file: src/main/resources/data/dev-data.csv
2025-02-06 19:18:57.049 DEBUG [main] c.l.e.c.g.dao.storage.TraineeStorage Loaded trainee: Trainee(dateOfBirth=1990-01-01, address=123 Main St)
2025-02-06 19:18:57.049 INFO [main] c.l.e.c.g.dao.storage.TraineeStorage TraineeStorage initialized successfully
2025-02-06 19:18:57.056 DEBUG [main] c.l.e.c.g.dao.storage.TrainerStorage Initializing TrainerStorage from file: src/main/resources/data/dev-data.csv
2025-02-06 19:18:57.057 DEBUG [main] c.l.e.c.g.dao.storage.TrainerStorage Loaded trainer: Trainer(specialization=CARDIO)
2025-02-06 19:18:57.057 INFO [main] c.l.e.c.g.dao.storage.TrainerStorage TrainerStorage initialized successfully
2025-02-06 19:18:57.057 DEBUG [main] c.l.e.c.g.d.storage.TrainingStorage Initializing TrainingStorage from file: src/main/resources/data/dev-data.csv
2025-02-06 19:18:57.057 DEBUG [main] c.l.e.c.g.d.storage.TrainingStorage Loaded training: Training(id=1, traineeId=2, trainerId=1, name=Morning Cardio Session, type=CARDIO, date=2023-10-14, duration=60)
2025-02-06 19:18:57.057 INFO [main] c.l.e.c.g.d.storage.TrainingStorage TrainingStorage initialized successfully
2025-02-06 19:18:57.149 DEBUG [main] c.l.e.c.g.s.impl.TrainerServiceImpl Creating trainer: TrainerDto(specialization=CARDIO)
2025-02-06 19:18:57.149 DEBUG [main] c.l.e.c.g.s.impl.UserProfileService Generating username for user profile: TrainerDto(specialization=CARDIO)
2025-02-06 19:18:57.149 DEBUG [main] c.l.e.c.gym.dao.impl.TraineeDaoImpl Finding all trainees
2025-02-06 19:18:57.149 INFO [main] c.l.e.c.gym.dao.impl.TraineeDaoImpl Number of trainees found: 1
2025-02-06 19:18:57.149 DEBUG [main] c.l.e.c.gym.dao.impl.TrainerDaoImpl Finding all trainers
2025-02-06 19:18:57.149 INFO [main] c.l.e.c.gym.dao.impl.TrainerDaoImpl Number of trainers found: 1
2025-02-06 19:18:57.196 DEBUG [main] c.l.e.c.gym.dao.impl.TrainerDaoImpl Saving trainer: Trainer(specialization=CARDIO)
2025-02-06 19:18:57.196 INFO [main] c.l.e.c.gym.dao.impl.TrainerDaoImpl Trainer saved with ID: 1
2025-02-06 19:18:57.196 DEBUG [main] c.l.e.c.g.s.impl.TrainerServiceImpl Creating trainer: TrainerDto(specialization=STRENGTH_TRAINING)
2025-02-06 19:18:57.196 DEBUG [main] c.l.e.c.g.s.impl.UserProfileService Generating username for user profile: TrainerDto(specialization=STRENGTH_TRAINING)
2025-02-06 19:18:57.196 DEBUG [main] c.l.e.c.gym.dao.impl.TraineeDaoImpl Finding all trainees
2025-02-06 19:18:57.196 INFO [main] c.l.e.c.gym.dao.impl.TraineeDaoImpl Number of trainees found: 1
2025-02-06 19:18:57.196 DEBUG [main] c.l.e.c.gym.dao.impl.TrainerDaoImpl Finding all trainers
2025-02-06 19:18:57.196 INFO [main] c.l.e.c.gym.dao.impl.TrainerDaoImpl Number of trainers found: 1
2025-02-06 19:18:57.196 DEBUG [main] c.l.e.c.gym.dao.impl.TrainerDaoImpl Saving trainer: Trainer(specialization=STRENGTH_TRAINING)
2025-02-06 19:18:57.196 INFO [main] c.l.e.c.gym.dao.impl.TrainerDaoImpl Trainer saved with ID: 2
2025-02-06 19:18:57.196 DEBUG [main] c.l.e.c.g.s.impl.TrainerServiceImpl Finding all trainers
2025-02-06 19:18:57.196 DEBUG [main] c.l.e.c.gym.dao.impl.TrainerDaoImpl Finding all trainers
2025-02-06 19:18:57.196 INFO [main] c.l.e.c.gym.dao.impl.TrainerDaoImpl Number of trainers found: 2
2025-02-06 19:20:55.239 DEBUG [main] c.l.e.c.g.dao.storage.TraineeStorage Initializing TraineeStorage from file: src/main/resources/data/dev-data.csv
2025-02-06 19:20:55.242 DEBUG [main] c.l.e.c.g.dao.storage.TraineeStorage Loaded trainee: Trainee(dateOfBirth=1990-01-01, address=123 Main St)
2025-02-06 19:20:55.242 INFO [main] c.l.e.c.g.dao.storage.TraineeStorage TraineeStorage initialized successfully
2025-02-06 19:20:55.242 DEBUG [main] c.l.e.c.g.dao.storage.TrainerStorage Initializing TrainerStorage from file: src/main/resources/data/dev-data.csv
2025-02-06 19:20:55.242 DEBUG [main] c.l.e.c.g.dao.storage.TrainerStorage Loaded trainer: Trainer(specialization=CARDIO)
2025-02-06 19:20:55.242 INFO [main] c.l.e.c.g.dao.storage.TrainerStorage TrainerStorage initialized successfully
2025-02-06 19:20:55.249 DEBUG [main] c.l.e.c.g.d.storage.TrainingStorage Initializing TrainingStorage from file: src/main/resources/data/dev-data.csv
2025-02-06 19:20:55.249 DEBUG [main] c.l.e.c.g.d.storage.TrainingStorage Loaded training: Training(id=1, traineeId=2, trainerId=1, name=Morning Cardio Session, type=CARDIO, date=2023-10-14, duration=60)
2025-02-06 19:20:55.250 INFO [main] c.l.e.c.g.d.storage.TrainingStorage TrainingStorage initialized successfully
2025-02-06 19:20:55.359 DEBUG [main] c.l.e.c.g.s.impl.TrainerServiceImpl Creating trainer: TrainerDto(specialization=CARDIO)
2025-02-06 19:20:55.369 DEBUG [main] c.l.e.c.g.s.impl.UserProfileService Generating username for user profile: TrainerDto(specialization=CARDIO)
2025-02-06 19:20:55.369 DEBUG [main] c.l.e.c.gym.dao.impl.TraineeDaoImpl Finding all trainees
2025-02-06 19:20:55.369 INFO [main] c.l.e.c.gym.dao.impl.TraineeDaoImpl Number of trainees found: 1
2025-02-06 19:20:55.369 DEBUG [main] c.l.e.c.gym.dao.impl.TrainerDaoImpl Finding all trainers
2025-02-06 19:20:55.369 INFO [main] c.l.e.c.gym.dao.impl.TrainerDaoImpl Number of trainers found: 1
2025-02-06 19:20:55.410 DEBUG [main] c.l.e.c.gym.dao.impl.TrainerDaoImpl Saving trainer: Trainer(specialization=CARDIO)
2025-02-06 19:20:55.410 INFO [main] c.l.e.c.gym.dao.impl.TrainerDaoImpl Trainer saved with ID: 1
2025-02-06 19:20:55.410 DEBUG [main] c.l.e.c.g.s.impl.TrainerServiceImpl Creating trainer: TrainerDto(specialization=STRENGTH_TRAINING)
2025-02-06 19:20:55.410 DEBUG [main] c.l.e.c.g.s.impl.UserProfileService Generating username for user profile: TrainerDto(specialization=STRENGTH_TRAINING)
2025-02-06 19:20:55.411 DEBUG [main] c.l.e.c.gym.dao.impl.TraineeDaoImpl Finding all trainees
2025-02-06 19:20:55.411 INFO [main] c.l.e.c.gym.dao.impl.TraineeDaoImpl Number of trainees found: 1
2025-02-06 19:20:55.411 DEBUG [main] c.l.e.c.gym.dao.impl.TrainerDaoImpl Finding all trainers
2025-02-06 19:20:55.411 INFO [main] c.l.e.c.gym.dao.impl.TrainerDaoImpl Number of trainers found: 1
2025-02-06 19:20:55.411 DEBUG [main] c.l.e.c.gym.dao.impl.TrainerDaoImpl Saving trainer: Trainer(specialization=STRENGTH_TRAINING)
2025-02-06 19:20:55.411 INFO [main] c.l.e.c.gym.dao.impl.TrainerDaoImpl Trainer saved with ID: 2
2025-02-06 19:20:55.411 DEBUG [main] c.l.e.c.g.s.impl.TrainerServiceImpl Finding all trainers
2025-02-06 19:20:55.411 DEBUG [main] c.l.e.c.gym.dao.impl.TrainerDaoImpl Finding all trainers
2025-02-06 19:20:55.411 INFO [main] c.l.e.c.gym.dao.impl.TrainerDaoImpl Number of trainers found: 2
2025-02-06 19:22:01.990 DEBUG [main] c.l.e.c.g.dao.storage.TraineeStorage Initializing TraineeStorage from file: src/main/resources/data/dev-data.csv
2025-02-06 19:22:01.990 DEBUG [main] c.l.e.c.g.dao.storage.TraineeStorage Loaded trainee: Trainee(dateOfBirth=1990-01-01, address=123 Main St)
2025-02-06 19:22:01.990 INFO [main] c.l.e.c.g.dao.storage.TraineeStorage TraineeStorage initialized successfully
2025-02-06 19:22:01.999 DEBUG [main] c.l.e.c.g.dao.storage.TrainerStorage Initializing TrainerStorage from file: src/main/resources/data/dev-data.csv
2025-02-06 19:22:01.999 DEBUG [main] c.l.e.c.g.dao.storage.TrainerStorage Loaded trainer: Trainer(specialization=CARDIO)
2025-02-06 19:22:02.001 INFO [main] c.l.e.c.g.dao.storage.TrainerStorage TrainerStorage initialized successfully
2025-02-06 19:22:02.001 DEBUG [main] c.l.e.c.g.d.storage.TrainingStorage Initializing TrainingStorage from file: src/main/resources/data/dev-data.csv
2025-02-06 19:22:02.001 DEBUG [main] c.l.e.c.g.d.storage.TrainingStorage Loaded training: Training(id=1, traineeId=2, trainerId=1, name=Morning Cardio Session, type=CARDIO, date=2023-10-14, duration=60)
2025-02-06 19:22:02.010 INFO [main] c.l.e.c.g.d.storage.TrainingStorage TrainingStorage initialized successfully
2025-02-06 19:22:02.129 DEBUG [main] c.l.e.c.g.s.impl.TrainerServiceImpl Creating trainer: TrainerDto(specialization=CARDIO)
2025-02-06 19:22:02.129 DEBUG [main] c.l.e.c.g.s.impl.UserProfileService Generating username for user profile: TrainerDto(specialization=CARDIO)
2025-02-06 19:22:02.129 DEBUG [main] c.l.e.c.gym.dao.impl.TraineeDaoImpl Finding all trainees
2025-02-06 19:22:02.139 INFO [main] c.l.e.c.gym.dao.impl.TraineeDaoImpl Number of trainees found: 1
2025-02-06 19:22:02.139 DEBUG [main] c.l.e.c.gym.dao.impl.TrainerDaoImpl Finding all trainers
2025-02-06 19:22:02.139 INFO [main] c.l.e.c.gym.dao.impl.TrainerDaoImpl Number of trainers found: 1
2025-02-06 19:22:02.177 DEBUG [main] c.l.e.c.gym.dao.impl.TrainerDaoImpl Saving trainer: Trainer(specialization=CARDIO)
2025-02-06 19:22:02.177 INFO [main] c.l.e.c.gym.dao.impl.TrainerDaoImpl Trainer saved with ID: 2
2025-02-06 19:22:02.177 DEBUG [main] c.l.e.c.g.s.impl.TrainerServiceImpl Creating trainer: TrainerDto(specialization=STRENGTH_TRAINING)
2025-02-06 19:22:02.177 DEBUG [main] c.l.e.c.g.s.impl.UserProfileService Generating username for user profile: TrainerDto(specialization=STRENGTH_TRAINING)
2025-02-06 19:22:02.177 DEBUG [main] c.l.e.c.gym.dao.impl.TraineeDaoImpl Finding all trainees
2025-02-06 19:22:02.177 INFO [main] c.l.e.c.gym.dao.impl.TraineeDaoImpl Number of trainees found: 1
2025-02-06 19:22:02.177 DEBUG [main] c.l.e.c.gym.dao.impl.TrainerDaoImpl Finding all trainers
2025-02-06 19:22:02.177 INFO [main] c.l.e.c.gym.dao.impl.TrainerDaoImpl Number of trainers found: 2
2025-02-06 19:22:02.179 DEBUG [main] c.l.e.c.gym.dao.impl.TrainerDaoImpl Saving trainer: Trainer(specialization=STRENGTH_TRAINING)
2025-02-06 19:22:02.179 INFO [main] c.l.e.c.gym.dao.impl.TrainerDaoImpl Trainer saved with ID: 3
2025-02-06 19:22:02.179 DEBUG [main] c.l.e.c.g.s.impl.TrainerServiceImpl Finding all trainers
2025-02-06 19:22:02.179 DEBUG [main] c.l.e.c.gym.dao.impl.TrainerDaoImpl Finding all trainers
2025-02-06 19:22:02.179 INFO [main] c.l.e.c.gym.dao.impl.TrainerDaoImpl Number of trainers found: 3
2025-02-06 19:28:29.780 DEBUG [main] c.l.e.c.g.dao.storage.TraineeStorage Initializing TraineeStorage from file: src/main/resources/data/dev-data.csv
2025-02-06 19:28:29.780 DEBUG [main] c.l.e.c.g.dao.storage.TraineeStorage Loaded trainee: Trainee(dateOfBirth=1990-01-01, address=123 Main St)
2025-02-06 19:28:29.780 INFO [main] c.l.e.c.g.dao.storage.TraineeStorage TraineeStorage initialized successfully
2025-02-06 19:28:29.780 DEBUG [main] c.l.e.c.g.dao.storage.TrainerStorage Initializing TrainerStorage from file: src/main/resources/data/dev-data.csv
2025-02-06 19:28:29.780 DEBUG [main] c.l.e.c.g.dao.storage.TrainerStorage Loaded trainer: Trainer(specialization=CARDIO)
2025-02-06 19:28:29.780 INFO [main] c.l.e.c.g.dao.storage.TrainerStorage TrainerStorage initialized successfully
2025-02-06 19:28:29.780 DEBUG [main] c.l.e.c.g.d.storage.TrainingStorage Initializing TrainingStorage from file: src/main/resources/data/dev-data.csv
2025-02-06 19:28:29.796 DEBUG [main] c.l.e.c.g.d.storage.TrainingStorage Loaded training: Training(id=1, traineeId=2, trainerId=1, name=Morning Cardio Session, type=CARDIO, date=2023-10-14, duration=60)
2025-02-06 19:28:29.796 INFO [main] c.l.e.c.g.d.storage.TrainingStorage TrainingStorage initialized successfully
2025-02-06 19:28:29.891 DEBUG [main] c.l.e.c.g.s.impl.TrainerServiceImpl Creating trainer: TrainerDto(specialization=CARDIO)
2025-02-06 19:28:29.891 DEBUG [main] c.l.e.c.g.s.impl.UserProfileService Generating username for user profile: TrainerDto(specialization=CARDIO)
2025-02-06 19:28:29.891 DEBUG [main] c.l.e.c.gym.dao.impl.TraineeDaoImpl Finding all trainees
2025-02-06 19:28:29.891 INFO [main] c.l.e.c.gym.dao.impl.TraineeDaoImpl Number of trainees found: 1
2025-02-06 19:28:29.891 DEBUG [main] c.l.e.c.gym.dao.impl.TrainerDaoImpl Finding all trainers
2025-02-06 19:28:29.891 INFO [main] c.l.e.c.gym.dao.impl.TrainerDaoImpl Number of trainers found: 1
2025-02-06 19:28:29.928 DEBUG [main] c.l.e.c.gym.dao.impl.TrainerDaoImpl Saving trainer: Trainer(specialization=CARDIO)
2025-02-06 19:28:29.938 INFO [main] c.l.e.c.gym.dao.impl.TrainerDaoImpl Trainer saved with ID: 2
2025-02-06 19:28:29.938 DEBUG [main] c.l.e.c.g.s.impl.TrainerServiceImpl Creating trainer: TrainerDto(specialization=STRENGTH_TRAINING)
2025-02-06 19:28:29.938 DEBUG [main] c.l.e.c.g.s.impl.UserProfileService Generating username for user profile: TrainerDto(specialization=STRENGTH_TRAINING)
2025-02-06 19:28:29.938 DEBUG [main] c.l.e.c.gym.dao.impl.TraineeDaoImpl Finding all trainees
2025-02-06 19:28:29.938 INFO [main] c.l.e.c.gym.dao.impl.TraineeDaoImpl Number of trainees found: 1
2025-02-06 19:28:29.938 DEBUG [main] c.l.e.c.gym.dao.impl.TrainerDaoImpl Finding all trainers
2025-02-06 19:28:29.938 INFO [main] c.l.e.c.gym.dao.impl.TrainerDaoImpl Number of trainers found: 2
2025-02-06 19:28:29.938 DEBUG [main] c.l.e.c.gym.dao.impl.TrainerDaoImpl Saving trainer: Trainer(specialization=STRENGTH_TRAINING)
2025-02-06 19:28:29.938 INFO [main] c.l.e.c.gym.dao.impl.TrainerDaoImpl Trainer saved with ID: 3
2025-02-06 19:28:29.938 DEBUG [main] c.l.e.c.g.s.impl.TrainerServiceImpl Finding all trainers
2025-02-06 19:28:29.938 DEBUG [main] c.l.e.c.gym.dao.impl.TrainerDaoImpl Finding all trainers
2025-02-06 19:28:29.938 INFO [main] c.l.e.c.gym.dao.impl.TrainerDaoImpl Number of trainers found: 3
2025-02-06 19:29:32.903 DEBUG [main] c.l.e.c.g.dao.storage.TraineeStorage Initializing TraineeStorage from file: src/main/resources/data/dev-data.csv
2025-02-06 19:29:32.903 DEBUG [main] c.l.e.c.g.dao.storage.TraineeStorage Loaded trainee: Trainee(dateOfBirth=1990-01-01, address=123 Main St)
2025-02-06 19:29:32.903 INFO [main] c.l.e.c.g.dao.storage.TraineeStorage TraineeStorage initialized successfully
2025-02-06 19:29:32.903 DEBUG [main] c.l.e.c.g.dao.storage.TrainerStorage Initializing TrainerStorage from file: src/main/resources/data/dev-data.csv
2025-02-06 19:29:32.903 DEBUG [main] c.l.e.c.g.dao.storage.TrainerStorage Loaded trainer: Trainer(specialization=CARDIO)
2025-02-06 19:29:32.903 INFO [main] c.l.e.c.g.dao.storage.TrainerStorage TrainerStorage initialized successfully
2025-02-06 19:29:32.903 DEBUG [main] c.l.e.c.g.d.storage.TrainingStorage Initializing TrainingStorage from file: src/main/resources/data/dev-data.csv
2025-02-06 19:29:32.903 DEBUG [main] c.l.e.c.g.d.storage.TrainingStorage Loaded training: Training(id=1, traineeId=2, trainerId=1, name=Morning Cardio Session, type=CARDIO, date=2023-10-14, duration=60)
2025-02-06 19:29:32.919 INFO [main] c.l.e.c.g.d.storage.TrainingStorage TrainingStorage initialized successfully
2025-02-06 19:29:33.012 DEBUG [main] c.l.e.c.g.s.impl.TrainerServiceImpl Creating trainer: TrainerDto(specialization=CARDIO)
2025-02-06 19:29:33.012 DEBUG [main] c.l.e.c.g.s.impl.UserProfileService Generating username for user profile: TrainerDto(specialization=CARDIO)
2025-02-06 19:29:33.014 DEBUG [main] c.l.e.c.gym.dao.impl.TraineeDaoImpl Finding all trainees
2025-02-06 19:29:33.014 INFO [main] c.l.e.c.gym.dao.impl.TraineeDaoImpl Number of trainees found: 1
2025-02-06 19:29:33.014 DEBUG [main] c.l.e.c.gym.dao.impl.TrainerDaoImpl Finding all trainers
2025-02-06 19:29:33.014 INFO [main] c.l.e.c.gym.dao.impl.TrainerDaoImpl Number of trainers found: 1
2025-02-06 19:29:33.058 DEBUG [main] c.l.e.c.gym.dao.impl.TrainerDaoImpl Saving trainer: Trainer(specialization=CARDIO)
2025-02-06 19:29:33.058 INFO [main] c.l.e.c.gym.dao.impl.TrainerDaoImpl Trainer saved with ID: 2
2025-02-06 19:29:33.058 DEBUG [main] c.l.e.c.g.s.impl.TrainerServiceImpl Creating trainer: TrainerDto(specialization=STRENGTH_TRAINING)
2025-02-06 19:29:33.058 DEBUG [main] c.l.e.c.g.s.impl.UserProfileService Generating username for user profile: TrainerDto(specialization=STRENGTH_TRAINING)
2025-02-06 19:29:33.058 DEBUG [main] c.l.e.c.gym.dao.impl.TraineeDaoImpl Finding all trainees
2025-02-06 19:29:33.058 INFO [main] c.l.e.c.gym.dao.impl.TraineeDaoImpl Number of trainees found: 1
2025-02-06 19:29:33.058 DEBUG [main] c.l.e.c.gym.dao.impl.TrainerDaoImpl Finding all trainers
2025-02-06 19:29:33.058 INFO [main] c.l.e.c.gym.dao.impl.TrainerDaoImpl Number of trainers found: 2
2025-02-06 19:29:33.058 DEBUG [main] c.l.e.c.gym.dao.impl.TrainerDaoImpl Saving trainer: Trainer(specialization=STRENGTH_TRAINING)
2025-02-06 19:29:33.058 INFO [main] c.l.e.c.gym.dao.impl.TrainerDaoImpl Trainer saved with ID: 3
2025-02-06 19:29:33.058 DEBUG [main] c.l.e.c.g.s.impl.TrainerServiceImpl Finding all trainers
2025-02-06 19:29:33.058 DEBUG [main] c.l.e.c.gym.dao.impl.TrainerDaoImpl Finding all trainers
2025-02-06 19:29:33.058 INFO [main] c.l.e.c.gym.dao.impl.TrainerDaoImpl Number of trainers found: 3
2025-02-06 19:30:04.299 DEBUG [main] c.l.e.c.g.dao.storage.TraineeStorage Initializing TraineeStorage from file: src/main/resources/data/dev-data.csv
2025-02-06 19:30:04.315 DEBUG [main] c.l.e.c.g.dao.storage.TraineeStorage Loaded trainee: Trainee(dateOfBirth=1990-01-01, address=123 Main St)
2025-02-06 19:30:04.315 INFO [main] c.l.e.c.g.dao.storage.TraineeStorage TraineeStorage initialized successfully
2025-02-06 19:30:04.315 DEBUG [main] c.l.e.c.g.dao.storage.TrainerStorage Initializing TrainerStorage from file: src/main/resources/data/dev-data.csv
2025-02-06 19:30:04.315 DEBUG [main] c.l.e.c.g.dao.storage.TrainerStorage Loaded trainer: Trainer(specialization=CARDIO)
2025-02-06 19:30:04.315 INFO [main] c.l.e.c.g.dao.storage.TrainerStorage TrainerStorage initialized successfully
2025-02-06 19:30:04.315 DEBUG [main] c.l.e.c.g.d.storage.TrainingStorage Initializing TrainingStorage from file: src/main/resources/data/dev-data.csv
2025-02-06 19:30:04.315 DEBUG [main] c.l.e.c.g.d.storage.TrainingStorage Loaded training: Training(id=1, traineeId=2, trainerId=1, name=Morning Cardio Session, type=CARDIO, date=2023-10-14, duration=60)
2025-02-06 19:30:04.315 INFO [main] c.l.e.c.g.d.storage.TrainingStorage TrainingStorage initialized successfully
2025-02-06 19:30:04.406 DEBUG [main] c.l.e.c.g.s.impl.TrainerServiceImpl Creating trainer: TrainerDto(specialization=CARDIO)
2025-02-06 19:30:04.406 DEBUG [main] c.l.e.c.g.s.impl.UserProfileService Generating username for user profile: TrainerDto(specialization=CARDIO)
2025-02-06 19:30:04.406 DEBUG [main] c.l.e.c.gym.dao.impl.TraineeDaoImpl Finding all trainees
2025-02-06 19:30:04.406 INFO [main] c.l.e.c.gym.dao.impl.TraineeDaoImpl Number of trainees found: 1
2025-02-06 19:30:04.406 DEBUG [main] c.l.e.c.gym.dao.impl.TrainerDaoImpl Finding all trainers
2025-02-06 19:30:04.406 INFO [main] c.l.e.c.gym.dao.impl.TrainerDaoImpl Number of trainers found: 1
2025-02-06 19:30:04.442 DEBUG [main] c.l.e.c.gym.dao.impl.TrainerDaoImpl Saving trainer: Trainer(specialization=CARDIO)
2025-02-06 19:30:04.442 INFO [main] c.l.e.c.gym.dao.impl.TrainerDaoImpl Trainer saved with ID: 2
2025-02-06 19:30:04.442 DEBUG [main] c.l.e.c.g.s.impl.TrainerServiceImpl Creating trainer: TrainerDto(specialization=STRENGTH_TRAINING)
2025-02-06 19:30:04.442 DEBUG [main] c.l.e.c.g.s.impl.UserProfileService Generating username for user profile: TrainerDto(specialization=STRENGTH_TRAINING)
2025-02-06 19:30:04.442 DEBUG [main] c.l.e.c.gym.dao.impl.TraineeDaoImpl Finding all trainees
2025-02-06 19:30:04.442 INFO [main] c.l.e.c.gym.dao.impl.TraineeDaoImpl Number of trainees found: 1
2025-02-06 19:30:04.442 DEBUG [main] c.l.e.c.gym.dao.impl.TrainerDaoImpl Finding all trainers
2025-02-06 19:30:04.442 INFO [main] c.l.e.c.gym.dao.impl.TrainerDaoImpl Number of trainers found: 2
2025-02-06 19:30:04.442 DEBUG [main] c.l.e.c.gym.dao.impl.TrainerDaoImpl Saving trainer: Trainer(specialization=STRENGTH_TRAINING)
2025-02-06 19:30:04.442 INFO [main] c.l.e.c.gym.dao.impl.TrainerDaoImpl Trainer saved with ID: 3
2025-02-06 19:30:04.442 DEBUG [main] c.l.e.c.g.s.impl.TrainerServiceImpl Finding all trainers
2025-02-06 19:30:04.442 DEBUG [main] c.l.e.c.gym.dao.impl.TrainerDaoImpl Finding all trainers
2025-02-06 19:30:04.442 INFO [main] c.l.e.c.gym.dao.impl.TrainerDaoImpl Number of trainers found: 3
2025-02-06 19:30:52.494 DEBUG [main] c.l.e.c.g.dao.storage.TraineeStorage Initializing TraineeStorage from file: src/main/resources/data/dev-data.csv
2025-02-06 19:30:52.507 DEBUG [main] c.l.e.c.g.dao.storage.TraineeStorage Loaded trainee: Trainee(dateOfBirth=1990-01-01, address=123 Main St)
2025-02-06 19:30:52.507 INFO [main] c.l.e.c.g.dao.storage.TraineeStorage TraineeStorage initialized successfully
2025-02-06 19:30:52.509 DEBUG [main] c.l.e.c.g.dao.storage.TrainerStorage Initializing TrainerStorage from file: src/main/resources/data/dev-data.csv
2025-02-06 19:30:52.509 DEBUG [main] c.l.e.c.g.dao.storage.TrainerStorage Loaded trainer: Trainer(specialization=CARDIO)
2025-02-06 19:30:52.509 INFO [main] c.l.e.c.g.dao.storage.TrainerStorage TrainerStorage initialized successfully
2025-02-06 19:30:52.509 DEBUG [main] c.l.e.c.g.d.storage.TrainingStorage Initializing TrainingStorage from file: src/main/resources/data/dev-data.csv
2025-02-06 19:30:52.509 DEBUG [main] c.l.e.c.g.d.storage.TrainingStorage Loaded training: Training(id=1, traineeId=2, trainerId=1, name=Morning Cardio Session, type=CARDIO, date=2023-10-14, duration=60)
2025-02-06 19:30:52.509 INFO [main] c.l.e.c.g.d.storage.TrainingStorage TrainingStorage initialized successfully
2025-02-06 19:30:52.592 DEBUG [main] c.l.e.c.g.s.impl.TrainerServiceImpl Creating trainer: TrainerDto(specialization=CARDIO)
2025-02-06 19:30:52.592 DEBUG [main] c.l.e.c.g.s.impl.UserProfileService Generating username for user profile: TrainerDto(specialization=CARDIO)
2025-02-06 19:30:52.592 DEBUG [main] c.l.e.c.gym.dao.impl.TraineeDaoImpl Finding all trainees
2025-02-06 19:30:52.592 INFO [main] c.l.e.c.gym.dao.impl.TraineeDaoImpl Number of trainees found: 1
2025-02-06 19:30:52.592 DEBUG [main] c.l.e.c.gym.dao.impl.TrainerDaoImpl Finding all trainers
2025-02-06 19:30:52.592 INFO [main] c.l.e.c.gym.dao.impl.TrainerDaoImpl Number of trainers found: 1
2025-02-06 19:30:52.637 DEBUG [main] c.l.e.c.gym.dao.impl.TrainerDaoImpl Saving trainer: Trainer(specialization=CARDIO)
2025-02-06 19:30:52.637 INFO [main] c.l.e.c.gym.dao.impl.TrainerDaoImpl Trainer saved with ID: 2
2025-02-06 19:30:52.637 DEBUG [main] c.l.e.c.g.s.impl.TrainerServiceImpl Creating trainer: TrainerDto(specialization=STRENGTH_TRAINING)
2025-02-06 19:30:52.637 DEBUG [main] c.l.e.c.g.s.impl.UserProfileService Generating username for user profile: TrainerDto(specialization=STRENGTH_TRAINING)
2025-02-06 19:30:52.637 DEBUG [main] c.l.e.c.gym.dao.impl.TraineeDaoImpl Finding all trainees
2025-02-06 19:30:52.637 INFO [main] c.l.e.c.gym.dao.impl.TraineeDaoImpl Number of trainees found: 1
2025-02-06 19:30:52.637 DEBUG [main] c.l.e.c.gym.dao.impl.TrainerDaoImpl Finding all trainers
2025-02-06 19:30:52.637 INFO [main] c.l.e.c.gym.dao.impl.TrainerDaoImpl Number of trainers found: 2
2025-02-06 19:30:52.639 DEBUG [main] c.l.e.c.gym.dao.impl.TrainerDaoImpl Saving trainer: Trainer(specialization=STRENGTH_TRAINING)
2025-02-06 19:30:52.639 INFO [main] c.l.e.c.gym.dao.impl.TrainerDaoImpl Trainer saved with ID: 3
2025-02-06 19:30:52.639 DEBUG [main] c.l.e.c.g.s.impl.TrainerServiceImpl Finding all trainers
2025-02-06 19:30:52.639 DEBUG [main] c.l.e.c.gym.dao.impl.TrainerDaoImpl Finding all trainers
2025-02-06 19:30:52.639 INFO [main] c.l.e.c.gym.dao.impl.TrainerDaoImpl Number of trainers found: 3
2025-02-06 19:31:15.109 DEBUG [main] c.l.e.c.g.dao.storage.TraineeStorage Initializing TraineeStorage from file: src/main/resources/data/dev-data.csv
2025-02-06 19:31:15.125 DEBUG [main] c.l.e.c.g.dao.storage.TraineeStorage Loaded trainee: Trainee(dateOfBirth=1990-01-01, address=123 Main St)
2025-02-06 19:31:15.125 INFO [main] c.l.e.c.g.dao.storage.TraineeStorage TraineeStorage initialized successfully
2025-02-06 19:31:15.125 DEBUG [main] c.l.e.c.g.dao.storage.TrainerStorage Initializing TrainerStorage from file: src/main/resources/data/dev-data.csv
2025-02-06 19:31:15.125 DEBUG [main] c.l.e.c.g.dao.storage.TrainerStorage Loaded trainer: Trainer(specialization=CARDIO)
2025-02-06 19:31:15.125 INFO [main] c.l.e.c.g.dao.storage.TrainerStorage TrainerStorage initialized successfully
2025-02-06 19:31:15.125 DEBUG [main] c.l.e.c.g.d.storage.TrainingStorage Initializing TrainingStorage from file: src/main/resources/data/dev-data.csv
2025-02-06 19:31:15.125 DEBUG [main] c.l.e.c.g.d.storage.TrainingStorage Loaded training: Training(id=1, traineeId=2, trainerId=1, name=Morning Cardio Session, type=CARDIO, date=2023-10-14, duration=60)
2025-02-06 19:31:15.125 INFO [main] c.l.e.c.g.d.storage.TrainingStorage TrainingStorage initialized successfully
2025-02-06 19:31:15.166 INFO [main] c.l.e.c.gym.dao.storage.AppAppConfig stringalini
2025-02-06 19:31:15.204 DEBUG [main] c.l.e.c.g.s.impl.TrainerServiceImpl Creating trainer: TrainerDto(specialization=CARDIO)
2025-02-06 19:31:15.204 DEBUG [main] c.l.e.c.g.s.impl.UserProfileService Generating username for user profile: TrainerDto(specialization=CARDIO)
2025-02-06 19:31:15.204 DEBUG [main] c.l.e.c.gym.dao.impl.TraineeDaoImpl Finding all trainees
2025-02-06 19:31:15.204 INFO [main] c.l.e.c.gym.dao.impl.TraineeDaoImpl Number of trainees found: 1
2025-02-06 19:31:15.204 DEBUG [main] c.l.e.c.gym.dao.impl.TrainerDaoImpl Finding all trainers
2025-02-06 19:31:15.204 INFO [main] c.l.e.c.gym.dao.impl.TrainerDaoImpl Number of trainers found: 1
2025-02-06 19:31:15.252 DEBUG [main] c.l.e.c.gym.dao.impl.TrainerDaoImpl Saving trainer: Trainer(specialization=CARDIO)
2025-02-06 19:31:15.252 INFO [main] c.l.e.c.gym.dao.impl.TrainerDaoImpl Trainer saved with ID: 2
2025-02-06 19:31:15.252 DEBUG [main] c.l.e.c.g.s.impl.TrainerServiceImpl Creating trainer: TrainerDto(specialization=STRENGTH_TRAINING)
2025-02-06 19:31:15.252 DEBUG [main] c.l.e.c.g.s.impl.UserProfileService Generating username for user profile: TrainerDto(specialization=STRENGTH_TRAINING)
2025-02-06 19:31:15.252 DEBUG [main] c.l.e.c.gym.dao.impl.TraineeDaoImpl Finding all trainees
2025-02-06 19:31:15.252 INFO [main] c.l.e.c.gym.dao.impl.TraineeDaoImpl Number of trainees found: 1
2025-02-06 19:31:15.252 DEBUG [main] c.l.e.c.gym.dao.impl.TrainerDaoImpl Finding all trainers
2025-02-06 19:31:15.252 INFO [main] c.l.e.c.gym.dao.impl.TrainerDaoImpl Number of trainers found: 2
2025-02-06 19:31:15.255 DEBUG [main] c.l.e.c.gym.dao.impl.TrainerDaoImpl Saving trainer: Trainer(specialization=STRENGTH_TRAINING)
2025-02-06 19:31:15.255 INFO [main] c.l.e.c.gym.dao.impl.TrainerDaoImpl Trainer saved with ID: 3
2025-02-06 19:31:15.255 DEBUG [main] c.l.e.c.g.s.impl.TrainerServiceImpl Finding all trainers
2025-02-06 19:31:15.255 DEBUG [main] c.l.e.c.gym.dao.impl.TrainerDaoImpl Finding all trainers
2025-02-06 19:31:15.255 INFO [main] c.l.e.c.gym.dao.impl.TrainerDaoImpl Number of trainers found: 3
2025-02-06 19:33:50.907 INFO [main] c.l.e.c.gym.dao.storage.AppAppConfig stringalini
2025-02-06 19:33:50.907 DEBUG [main] c.l.e.c.g.dao.storage.TraineeStorage Initializing TraineeStorage from file: src/main/resources/data/dev-data.csv
2025-02-06 19:33:50.907 DEBUG [main] c.l.e.c.g.dao.storage.TraineeStorage Loaded trainee: Trainee(dateOfBirth=1990-01-01, address=123 Main St)
2025-02-06 19:33:50.907 INFO [main] c.l.e.c.g.dao.storage.TraineeStorage TraineeStorage initialized successfully
2025-02-06 19:33:50.923 DEBUG [main] c.l.e.c.g.dao.storage.TrainerStorage Initializing TrainerStorage from file: src/main/resources/data/dev-data.csv
2025-02-06 19:33:50.923 DEBUG [main] c.l.e.c.g.dao.storage.TrainerStorage Loaded trainer: Trainer(specialization=CARDIO)
2025-02-06 19:33:50.923 INFO [main] c.l.e.c.g.dao.storage.TrainerStorage TrainerStorage initialized successfully
2025-02-06 19:33:50.923 DEBUG [main] c.l.e.c.g.d.storage.TrainingStorage Initializing TrainingStorage from file: src/main/resources/data/dev-data.csv
2025-02-06 19:33:50.923 DEBUG [main] c.l.e.c.g.d.storage.TrainingStorage Loaded training: Training(id=1, traineeId=2, trainerId=1, name=Morning Cardio Session, type=CARDIO, date=2023-10-14, duration=60)
2025-02-06 19:33:50.923 INFO [main] c.l.e.c.g.d.storage.TrainingStorage TrainingStorage initialized successfully
2025-02-06 19:33:51.019 DEBUG [main] c.l.e.c.g.s.impl.TrainerServiceImpl Creating trainer: TrainerDto(specialization=CARDIO)
2025-02-06 19:33:51.019 DEBUG [main] c.l.e.c.g.s.impl.UserProfileService Generating username for user profile: TrainerDto(specialization=CARDIO)
2025-02-06 19:33:51.019 DEBUG [main] c.l.e.c.gym.dao.impl.TraineeDaoImpl Finding all trainees
2025-02-06 19:33:51.019 INFO [main] c.l.e.c.gym.dao.impl.TraineeDaoImpl Number of trainees found: 1
2025-02-06 19:33:51.019 DEBUG [main] c.l.e.c.gym.dao.impl.TrainerDaoImpl Finding all trainers
2025-02-06 19:33:51.019 INFO [main] c.l.e.c.gym.dao.impl.TrainerDaoImpl Number of trainers found: 1
2025-02-06 19:33:51.053 DEBUG [main] c.l.e.c.gym.dao.impl.TrainerDaoImpl Saving trainer: Trainer(specialization=CARDIO)
2025-02-06 19:33:51.053 INFO [main] c.l.e.c.gym.dao.impl.TrainerDaoImpl Trainer saved with ID: 2
2025-02-06 19:33:51.053 DEBUG [main] c.l.e.c.g.s.impl.TrainerServiceImpl Creating trainer: TrainerDto(specialization=STRENGTH_TRAINING)
2025-02-06 19:33:51.053 DEBUG [main] c.l.e.c.g.s.impl.UserProfileService Generating username for user profile: TrainerDto(specialization=STRENGTH_TRAINING)
2025-02-06 19:33:51.053 DEBUG [main] c.l.e.c.gym.dao.impl.TraineeDaoImpl Finding all trainees
2025-02-06 19:33:51.053 INFO [main] c.l.e.c.gym.dao.impl.TraineeDaoImpl Number of trainees found: 1
2025-02-06 19:33:51.053 DEBUG [main] c.l.e.c.gym.dao.impl.TrainerDaoImpl Finding all trainers
2025-02-06 19:33:51.053 INFO [main] c.l.e.c.gym.dao.impl.TrainerDaoImpl Number of trainers found: 2
2025-02-06 19:33:51.066 DEBUG [main] c.l.e.c.gym.dao.impl.TrainerDaoImpl Saving trainer: Trainer(specialization=STRENGTH_TRAINING)
2025-02-06 19:33:51.066 INFO [main] c.l.e.c.gym.dao.impl.TrainerDaoImpl Trainer saved with ID: 3
2025-02-06 19:33:51.066 DEBUG [main] c.l.e.c.g.s.impl.TrainerServiceImpl Finding all trainers
2025-02-06 19:33:51.066 DEBUG [main] c.l.e.c.gym.dao.impl.TrainerDaoImpl Finding all trainers
2025-02-06 19:33:51.066 INFO [main] c.l.e.c.gym.dao.impl.TrainerDaoImpl Number of trainers found: 3
2025-02-06 19:34:51.116 INFO [main] c.l.e.c.gym.dao.storage.AppAppConfig stringalini111111111111111111111111111111111111
2025-02-06 19:34:51.116 INFO [main] c.l.e.c.gym.dao.storage.AppAppConfig stringalini111111111111111111111111111111111111
2025-02-06 19:34:51.116 DEBUG [main] c.l.e.c.g.dao.storage.TraineeStorage Initializing TraineeStorage from file: src/main/resources/data/dev-data.csv
2025-02-06 19:34:51.116 DEBUG [main] c.l.e.c.g.dao.storage.TraineeStorage Loaded trainee: Trainee(dateOfBirth=1990-01-01, address=123 Main St)
2025-02-06 19:34:51.116 INFO [main] c.l.e.c.g.dao.storage.TraineeStorage TraineeStorage initialized successfully
2025-02-06 19:34:51.116 DEBUG [main] c.l.e.c.g.dao.storage.TrainerStorage Initializing TrainerStorage from file: src/main/resources/data/dev-data.csv
2025-02-06 19:34:51.116 DEBUG [main] c.l.e.c.g.dao.storage.TrainerStorage Loaded trainer: Trainer(specialization=CARDIO)
2025-02-06 19:34:51.116 INFO [main] c.l.e.c.g.dao.storage.TrainerStorage TrainerStorage initialized successfully
2025-02-06 19:34:51.132 DEBUG [main] c.l.e.c.g.d.storage.TrainingStorage Initializing TrainingStorage from file: src/main/resources/data/dev-data.csv
2025-02-06 19:34:51.132 DEBUG [main] c.l.e.c.g.d.storage.TrainingStorage Loaded training: Training(id=1, traineeId=2, trainerId=1, name=Morning Cardio Session, type=CARDIO, date=2023-10-14, duration=60)
2025-02-06 19:34:51.136 INFO [main] c.l.e.c.g.d.storage.TrainingStorage TrainingStorage initialized successfully
2025-02-06 19:34:51.215 DEBUG [main] c.l.e.c.g.s.impl.TrainerServiceImpl Creating trainer: TrainerDto(specialization=CARDIO)
2025-02-06 19:34:51.215 DEBUG [main] c.l.e.c.g.s.impl.UserProfileService Generating username for user profile: TrainerDto(specialization=CARDIO)
2025-02-06 19:34:51.215 DEBUG [main] c.l.e.c.gym.dao.impl.TraineeDaoImpl Finding all trainees
2025-02-06 19:34:51.215 INFO [main] c.l.e.c.gym.dao.impl.TraineeDaoImpl Number of trainees found: 1
2025-02-06 19:34:51.215 DEBUG [main] c.l.e.c.gym.dao.impl.TrainerDaoImpl Finding all trainers
2025-02-06 19:34:51.215 INFO [main] c.l.e.c.gym.dao.impl.TrainerDaoImpl Number of trainers found: 1
2025-02-06 19:34:51.258 DEBUG [main] c.l.e.c.gym.dao.impl.TrainerDaoImpl Saving trainer: Trainer(specialization=CARDIO)
2025-02-06 19:34:51.258 INFO [main] c.l.e.c.gym.dao.impl.TrainerDaoImpl Trainer saved with ID: 2
2025-02-06 19:34:51.258 DEBUG [main] c.l.e.c.g.s.impl.TrainerServiceImpl Creating trainer: TrainerDto(specialization=STRENGTH_TRAINING)
2025-02-06 19:34:51.258 DEBUG [main] c.l.e.c.g.s.impl.UserProfileService Generating username for user profile: TrainerDto(specialization=STRENGTH_TRAINING)
2025-02-06 19:34:51.258 DEBUG [main] c.l.e.c.gym.dao.impl.TraineeDaoImpl Finding all trainees
2025-02-06 19:34:51.258 INFO [main] c.l.e.c.gym.dao.impl.TraineeDaoImpl Number of trainees found: 1
2025-02-06 19:34:51.258 DEBUG [main] c.l.e.c.gym.dao.impl.TrainerDaoImpl Finding all trainers
2025-02-06 19:34:51.258 INFO [main] c.l.e.c.gym.dao.impl.TrainerDaoImpl Number of trainers found: 2
2025-02-06 19:34:51.258 DEBUG [main] c.l.e.c.gym.dao.impl.TrainerDaoImpl Saving trainer: Trainer(specialization=STRENGTH_TRAINING)
2025-02-06 19:34:51.258 INFO [main] c.l.e.c.gym.dao.impl.TrainerDaoImpl Trainer saved with ID: 3
2025-02-06 19:34:51.258 DEBUG [main] c.l.e.c.g.s.impl.TrainerServiceImpl Finding all trainers
2025-02-06 19:34:51.258 DEBUG [main] c.l.e.c.gym.dao.impl.TrainerDaoImpl Finding all trainers
2025-02-06 19:34:51.258 INFO [main] c.l.e.c.gym.dao.impl.TrainerDaoImpl Number of trainers found: 3
2025-02-06 19:37:23.698 INFO [main] c.l.e.c.gym.dao.storage.AppAppConfig stringalini111111111111111111111111111111111111
2025-02-06 19:37:23.711 INFO [main] c.l.e.c.gym.dao.storage.AppAppConfig stringalini111111111111111111111111111111111111
2025-02-06 19:37:23.732 DEBUG [main] c.l.e.c.g.dao.storage.TraineeStorage Initializing TraineeStorage from file: src/main/resources/data/dev-data.csv
2025-02-06 19:37:23.734 DEBUG [main] c.l.e.c.g.dao.storage.TraineeStorage Loaded trainee: Trainee(dateOfBirth=1990-01-01, address=123 Main St)
2025-02-06 19:37:23.734 INFO [main] c.l.e.c.g.dao.storage.TraineeStorage TraineeStorage initialized successfully
2025-02-06 19:37:23.742 DEBUG [main] c.l.e.c.g.dao.storage.TrainerStorage Initializing TrainerStorage from file: src/main/resources/data/dev-data.csv
2025-02-06 19:37:23.742 DEBUG [main] c.l.e.c.g.dao.storage.TrainerStorage Loaded trainer: Trainer(specialization=CARDIO)
2025-02-06 19:37:23.742 INFO [main] c.l.e.c.g.dao.storage.TrainerStorage TrainerStorage initialized successfully
2025-02-06 19:37:23.742 DEBUG [main] c.l.e.c.g.d.storage.TrainingStorage Initializing TrainingStorage from file: src/main/resources/data/dev-data.csv
2025-02-06 19:37:23.742 DEBUG [main] c.l.e.c.g.d.storage.TrainingStorage Loaded training: Training(id=1, traineeId=2, trainerId=1, name=Morning Cardio Session, type=CARDIO, date=2023-10-14, duration=60)
2025-02-06 19:37:23.758 INFO [main] c.l.e.c.g.d.storage.TrainingStorage TrainingStorage initialized successfully
2025-02-06 19:40:38.512 DEBUG [main] c.l.e.c.gym.dao.storage.AppAppConfig Initializing InMemoryStorage from file: src/main/resources/data/dev-data.csv
2025-02-06 19:40:38.516 DEBUG [main] c.l.e.c.gym.dao.storage.AppAppConfig Loaded trainer: Trainer(specialization=CARDIO)
2025-02-06 19:40:38.516 DEBUG [main] c.l.e.c.gym.dao.storage.AppAppConfig Loaded trainee: Trainee(dateOfBirth=1990-01-01, address=123 Main St)
2025-02-06 19:40:38.516 DEBUG [main] c.l.e.c.gym.dao.storage.AppAppConfig Loaded training: Training(id=1, traineeId=2, trainerId=1, name=Morning Cardio Session, type=CARDIO, date=2023-10-14, duration=60)
2025-02-06 19:40:38.516 INFO [main] c.l.e.c.gym.dao.storage.AppAppConfig InMemoryStorage initialized successfully
2025-02-06 19:42:13.103 DEBUG [main] c.l.e.c.gym.dao.storage.AppAppConfig Initializing InMemoryStorage from file: src/main/resources/data/dev-data.csv
2025-02-06 19:42:13.103 DEBUG [main] c.l.e.c.gym.dao.storage.AppAppConfig Loaded trainer: Trainer(specialization=CARDIO)
2025-02-06 19:42:13.118 DEBUG [main] c.l.e.c.gym.dao.storage.AppAppConfig Loaded trainee: Trainee(dateOfBirth=1990-01-01, address=123 Main St)
2025-02-06 19:42:13.118 DEBUG [main] c.l.e.c.gym.dao.storage.AppAppConfig Loaded training: Training(id=1, traineeId=2, trainerId=1, name=Morning Cardio Session, type=CARDIO, date=2023-10-14, duration=60)
2025-02-06 19:42:13.118 INFO [main] c.l.e.c.gym.dao.storage.AppAppConfig InMemoryStorage initialized successfully
2025-02-06 19:42:13.205 DEBUG [main] c.l.e.c.g.s.impl.TrainerServiceImpl Creating trainer: TrainerDto(specialization=CARDIO)
2025-02-06 19:42:13.205 DEBUG [main] c.l.e.c.g.s.impl.UserProfileService Generating username for user profile: TrainerDto(specialization=CARDIO)
2025-02-06 19:42:13.205 DEBUG [main] c.l.e.c.gym.dao.impl.TraineeDaoImpl Finding all trainees
2025-02-06 19:42:13.205 INFO [main] c.l.e.c.gym.dao.impl.TraineeDaoImpl Number of trainees found: 0
2025-02-06 19:42:13.205 DEBUG [main] c.l.e.c.gym.dao.impl.TrainerDaoImpl Finding all trainers
2025-02-06 19:42:13.211 INFO [main] c.l.e.c.gym.dao.impl.TrainerDaoImpl Number of trainers found: 0
2025-02-06 19:42:13.246 DEBUG [main] c.l.e.c.gym.dao.impl.TrainerDaoImpl Saving trainer: Trainer(specialization=CARDIO)
2025-02-06 19:42:13.246 INFO [main] c.l.e.c.gym.dao.impl.TrainerDaoImpl Trainer saved with ID: 2
2025-02-06 19:42:13.246 DEBUG [main] c.l.e.c.g.s.impl.TrainerServiceImpl Creating trainer: TrainerDto(specialization=STRENGTH_TRAINING)
2025-02-06 19:42:13.246 DEBUG [main] c.l.e.c.g.s.impl.UserProfileService Generating username for user profile: TrainerDto(specialization=STRENGTH_TRAINING)
2025-02-06 19:42:13.246 DEBUG [main] c.l.e.c.gym.dao.impl.TraineeDaoImpl Finding all trainees
2025-02-06 19:42:13.246 INFO [main] c.l.e.c.gym.dao.impl.TraineeDaoImpl Number of trainees found: 0
2025-02-06 19:42:13.246 DEBUG [main] c.l.e.c.gym.dao.impl.TrainerDaoImpl Finding all trainers
2025-02-06 19:42:13.246 INFO [main] c.l.e.c.gym.dao.impl.TrainerDaoImpl Number of trainers found: 1
2025-02-06 19:42:13.246 DEBUG [main] c.l.e.c.gym.dao.impl.TrainerDaoImpl Saving trainer: Trainer(specialization=STRENGTH_TRAINING)
2025-02-06 19:42:13.246 INFO [main] c.l.e.c.gym.dao.impl.TrainerDaoImpl Trainer saved with ID: 3
2025-02-06 19:42:13.246 DEBUG [main] c.l.e.c.g.s.impl.TrainerServiceImpl Finding all trainers
2025-02-06 19:42:13.246 DEBUG [main] c.l.e.c.gym.dao.impl.TrainerDaoImpl Finding all trainers
2025-02-06 19:42:13.246 INFO [main] c.l.e.c.gym.dao.impl.TrainerDaoImpl Number of trainers found: 2
2025-02-06 19:48:55.999 DEBUG [main] c.l.e.c.gym.dao.storage.AppAppConfig Initializing InMemoryStorage from file: src/main/resources/data/dev-data.csv
2025-02-06 19:48:55.999 DEBUG [main] c.l.e.c.gym.dao.storage.AppAppConfig Loaded trainer: Trainer(specialization=CARDIO)
2025-02-06 19:48:55.999 DEBUG [main] c.l.e.c.gym.dao.storage.AppAppConfig Loaded trainee: Trainee(dateOfBirth=1990-01-01, address=123 Main St)
2025-02-06 19:48:55.999 DEBUG [main] c.l.e.c.gym.dao.storage.AppAppConfig Loaded training: Training(id=1, traineeId=2, trainerId=1, name=Morning Cardio Session, type=CARDIO, date=2023-10-14, duration=60)
2025-02-06 19:48:55.999 INFO [main] c.l.e.c.gym.dao.storage.AppAppConfig InMemoryStorage initialized successfully
2025-02-06 19:48:56.100 DEBUG [main] c.l.e.c.g.s.impl.TrainerServiceImpl Creating trainer: TrainerDto(specialization=CARDIO)
2025-02-06 19:48:56.110 DEBUG [main] c.l.e.c.g.s.impl.UserProfileService Generating username for user profile: TrainerDto(specialization=CARDIO)
2025-02-06 19:48:56.110 DEBUG [main] c.l.e.c.gym.dao.impl.TraineeDaoImpl Finding all trainees
2025-02-06 19:48:56.110 INFO [main] c.l.e.c.gym.dao.impl.TraineeDaoImpl Number of trainees found: 1
2025-02-06 19:48:56.110 DEBUG [main] c.l.e.c.gym.dao.impl.TrainerDaoImpl Finding all trainers
2025-02-06 19:48:56.110 INFO [main] c.l.e.c.gym.dao.impl.TrainerDaoImpl Number of trainers found: 1
2025-02-06 19:48:56.141 DEBUG [main] c.l.e.c.gym.dao.impl.TrainerDaoImpl Saving trainer: Trainer(specialization=CARDIO)
2025-02-06 19:48:56.141 INFO [main] c.l.e.c.gym.dao.impl.TrainerDaoImpl Trainer saved with ID: 2
2025-02-06 19:48:56.141 DEBUG [main] c.l.e.c.g.s.impl.TrainerServiceImpl Creating trainer: TrainerDto(specialization=STRENGTH_TRAINING)
2025-02-06 19:48:56.141 DEBUG [main] c.l.e.c.g.s.impl.UserProfileService Generating username for user profile: TrainerDto(specialization=STRENGTH_TRAINING)
2025-02-06 19:48:56.141 DEBUG [main] c.l.e.c.gym.dao.impl.TraineeDaoImpl Finding all trainees
2025-02-06 19:48:56.141 INFO [main] c.l.e.c.gym.dao.impl.TraineeDaoImpl Number of trainees found: 1
2025-02-06 19:48:56.141 DEBUG [main] c.l.e.c.gym.dao.impl.TrainerDaoImpl Finding all trainers
2025-02-06 19:48:56.141 INFO [main] c.l.e.c.gym.dao.impl.TrainerDaoImpl Number of trainers found: 2
2025-02-06 19:48:56.141 DEBUG [main] c.l.e.c.gym.dao.impl.TrainerDaoImpl Saving trainer: Trainer(specialization=STRENGTH_TRAINING)
2025-02-06 19:48:56.141 INFO [main] c.l.e.c.gym.dao.impl.TrainerDaoImpl Trainer saved with ID: 3
2025-02-06 19:48:56.141 DEBUG [main] c.l.e.c.g.s.impl.TrainerServiceImpl Finding all trainers
2025-02-06 19:48:56.141 DEBUG [main] c.l.e.c.gym.dao.impl.TrainerDaoImpl Finding all trainers
2025-02-06 19:48:56.141 INFO [main] c.l.e.c.gym.dao.impl.TrainerDaoImpl Number of trainers found: 3
2025-02-06 19:52:24.568 DEBUG [main] c.l.e.c.g.dao.storage.TraineeStorage Initializing TraineeStorage from file: src/main/resources/data/dev-data.csv
2025-02-06 19:52:24.568 DEBUG [main] c.l.e.c.g.dao.storage.TraineeStorage Loaded trainee: Trainee(dateOfBirth=1990-01-01, address=123 Main St)
2025-02-06 19:52:24.568 INFO [main] c.l.e.c.g.dao.storage.TraineeStorage TraineeStorage initialized successfully
2025-02-06 19:52:24.583 DEBUG [main] c.l.e.c.g.dao.storage.TrainerStorage Initializing TrainerStorage from file: src/main/resources/data/dev-data.csv
2025-02-06 19:52:24.583 DEBUG [main] c.l.e.c.g.dao.storage.TrainerStorage Loaded trainer: Trainer(specialization=CARDIO)
2025-02-06 19:52:24.583 INFO [main] c.l.e.c.g.dao.storage.TrainerStorage TrainerStorage initialized successfully
2025-02-06 19:52:24.583 DEBUG [main] c.l.e.c.g.d.storage.TrainingStorage Initializing TrainingStorage from file: src/main/resources/data/dev-data.csv
2025-02-06 19:52:24.583 DEBUG [main] c.l.e.c.g.d.storage.TrainingStorage Loaded training: Training(id=1, traineeId=2, trainerId=1, name=Morning Cardio Session, type=CARDIO, date=2023-10-14, duration=60)
2025-02-06 19:52:24.583 INFO [main] c.l.e.c.g.d.storage.TrainingStorage TrainingStorage initialized successfully
2025-02-06 19:52:24.679 DEBUG [main] c.l.e.c.g.s.impl.TrainerServiceImpl Creating trainer: TrainerDto(specialization=CARDIO)
2025-02-06 19:52:24.679 DEBUG [main] c.l.e.c.g.s.impl.UserProfileService Generating username for user profile: TrainerDto(specialization=CARDIO)
2025-02-06 19:52:24.679 DEBUG [main] c.l.e.c.gym.dao.impl.TraineeDaoImpl Finding all trainees
2025-02-06 19:52:24.679 INFO [main] c.l.e.c.gym.dao.impl.TraineeDaoImpl Number of trainees found: 1
2025-02-06 19:52:24.679 DEBUG [main] c.l.e.c.gym.dao.impl.TrainerDaoImpl Finding all trainers
2025-02-06 19:52:24.679 INFO [main] c.l.e.c.gym.dao.impl.TrainerDaoImpl Number of trainers found: 1
2025-02-06 19:52:24.711 DEBUG [main] c.l.e.c.gym.dao.impl.TrainerDaoImpl Saving trainer: Trainer(specialization=CARDIO)
2025-02-06 19:52:24.711 INFO [main] c.l.e.c.gym.dao.impl.TrainerDaoImpl Trainer saved with ID: 2
2025-02-06 19:52:24.711 DEBUG [main] c.l.e.c.g.s.impl.TrainerServiceImpl Creating trainer: TrainerDto(specialization=STRENGTH_TRAINING)
2025-02-06 19:52:24.711 DEBUG [main] c.l.e.c.g.s.impl.UserProfileService Generating username for user profile: TrainerDto(specialization=STRENGTH_TRAINING)
2025-02-06 19:52:24.711 DEBUG [main] c.l.e.c.gym.dao.impl.TraineeDaoImpl Finding all trainees
2025-02-06 19:52:24.711 INFO [main] c.l.e.c.gym.dao.impl.TraineeDaoImpl Number of trainees found: 1
2025-02-06 19:52:24.711 DEBUG [main] c.l.e.c.gym.dao.impl.TrainerDaoImpl Finding all trainers
2025-02-06 19:52:24.711 INFO [main] c.l.e.c.gym.dao.impl.TrainerDaoImpl Number of trainers found: 2
2025-02-06 19:52:24.711 DEBUG [main] c.l.e.c.gym.dao.impl.TrainerDaoImpl Saving trainer: Trainer(specialization=STRENGTH_TRAINING)
2025-02-06 19:52:24.711 INFO [main] c.l.e.c.gym.dao.impl.TrainerDaoImpl Trainer saved with ID: 3
2025-02-06 19:52:24.711 DEBUG [main] c.l.e.c.g.s.impl.TrainerServiceImpl Finding all trainers
2025-02-06 19:52:24.711 DEBUG [main] c.l.e.c.gym.dao.impl.TrainerDaoImpl Finding all trainers
2025-02-06 19:52:24.711 INFO [main] c.l.e.c.gym.dao.impl.TrainerDaoImpl Number of trainers found: 3
2025-02-06 20:18:14.144 DEBUG [main] c.l.e.c.g.dao.storage.TraineeStorage Initializing TraineeStorage from file: src/main/resources/data/dev-data.csv
2025-02-06 20:18:14.144 DEBUG [main] c.l.e.c.g.dao.storage.TraineeStorage Loaded trainee: Trainee(dateOfBirth=1990-01-01, address=123 Main St)
2025-02-06 20:18:14.144 INFO [main] c.l.e.c.g.dao.storage.TraineeStorage TraineeStorage initialized successfully
2025-02-06 20:18:14.149 DEBUG [main] c.l.e.c.g.dao.storage.TrainerStorage Initializing TrainerStorage from file: src/main/resources/data/dev-data.csv
2025-02-06 20:18:14.149 DEBUG [main] c.l.e.c.g.dao.storage.TrainerStorage Loaded trainer: Trainer(specialization=CARDIO)
2025-02-06 20:18:14.149 INFO [main] c.l.e.c.g.dao.storage.TrainerStorage TrainerStorage initialized successfully
2025-02-06 20:18:14.149 DEBUG [main] c.l.e.c.g.d.storage.TrainingStorage Initializing TrainingStorage from file: src/main/resources/data/dev-data.csv
2025-02-06 20:18:14.149 DEBUG [main] c.l.e.c.g.d.storage.TrainingStorage Loaded training: Training(id=1, traineeId=2, trainerId=1, name=Morning Cardio Session, type=CARDIO, date=2023-10-14, duration=60)
2025-02-06 20:18:14.158 INFO [main] c.l.e.c.g.d.storage.TrainingStorage TrainingStorage initialized successfully
2025-02-06 20:18:14.256 DEBUG [main] c.l.e.c.g.s.impl.TrainerServiceImpl Creating trainer: TrainerDto(specialization=CARDIO)
2025-02-06 20:18:14.256 DEBUG [main] c.l.e.c.g.s.impl.UserProfileService Generating username for user profile: TrainerDto(specialization=CARDIO)
2025-02-06 20:18:14.256 DEBUG [main] c.l.e.c.gym.dao.impl.TraineeDaoImpl Finding all trainees
2025-02-06 20:18:14.256 INFO [main] c.l.e.c.gym.dao.impl.TraineeDaoImpl Number of trainees found: 1
2025-02-06 20:18:14.256 DEBUG [main] c.l.e.c.gym.dao.impl.TrainerDaoImpl Finding all trainers
2025-02-06 20:18:14.256 INFO [main] c.l.e.c.gym.dao.impl.TrainerDaoImpl Number of trainers found: 1
2025-02-06 20:18:14.305 DEBUG [main] c.l.e.c.gym.dao.impl.TrainerDaoImpl Saving trainer: Trainer(specialization=CARDIO)
2025-02-06 20:18:14.305 INFO [main] c.l.e.c.gym.dao.impl.TrainerDaoImpl Trainer saved with ID: 2
2025-02-06 20:18:14.305 DEBUG [main] c.l.e.c.g.s.impl.TrainerServiceImpl Creating trainer: TrainerDto(specialization=STRENGTH_TRAINING)
2025-02-06 20:18:14.305 DEBUG [main] c.l.e.c.g.s.impl.UserProfileService Generating username for user profile: TrainerDto(specialization=STRENGTH_TRAINING)
2025-02-06 20:18:14.305 DEBUG [main] c.l.e.c.gym.dao.impl.TraineeDaoImpl Finding all trainees
2025-02-06 20:18:14.305 INFO [main] c.l.e.c.gym.dao.impl.TraineeDaoImpl Number of trainees found: 1
2025-02-06 20:18:14.305 DEBUG [main] c.l.e.c.gym.dao.impl.TrainerDaoImpl Finding all trainers
2025-02-06 20:18:14.305 INFO [main] c.l.e.c.gym.dao.impl.TrainerDaoImpl Number of trainers found: 2
2025-02-06 20:18:14.305 DEBUG [main] c.l.e.c.gym.dao.impl.TrainerDaoImpl Saving trainer: Trainer(specialization=STRENGTH_TRAINING)
2025-02-06 20:18:14.305 INFO [main] c.l.e.c.gym.dao.impl.TrainerDaoImpl Trainer saved with ID: 3
2025-02-06 20:18:14.305 DEBUG [main] c.l.e.c.g.s.impl.TrainerServiceImpl Finding all trainers
2025-02-06 20:18:14.305 DEBUG [main] c.l.e.c.gym.dao.impl.TrainerDaoImpl Finding all trainers
2025-02-06 20:18:14.305 INFO [main] c.l.e.c.gym.dao.impl.TrainerDaoImpl Number of trainers found: 3
2025-02-06 20:49:11.737 DEBUG [main] c.l.e.c.g.dao.storage.TraineeStorage Initializing TraineeStorage from file: src/main/resources/data/dev-data.csv
2025-02-06 20:49:11.737 DEBUG [main] c.l.e.c.g.dao.storage.TraineeStorage Loaded trainee: Trainee(dateOfBirth=1990-01-01, address=123 Main St)
2025-02-06 20:49:11.737 INFO [main] c.l.e.c.g.dao.storage.TraineeStorage TraineeStorage initialized successfully
2025-02-06 20:49:11.750 DEBUG [main] c.l.e.c.g.dao.storage.TrainerStorage Initializing TrainerStorage from file: src/main/resources/data/dev-data.csv
2025-02-06 20:49:11.752 DEBUG [main] c.l.e.c.g.dao.storage.TrainerStorage Loaded trainer: Trainer(specialization=CARDIO)
2025-02-06 20:49:11.752 INFO [main] c.l.e.c.g.dao.storage.TrainerStorage TrainerStorage initialized successfully
2025-02-06 20:49:11.752 DEBUG [main] c.l.e.c.g.d.storage.TrainingStorage Initializing TrainingStorage from file: src/main/resources/data/dev-data.csv
2025-02-06 20:49:11.752 DEBUG [main] c.l.e.c.g.d.storage.TrainingStorage Loaded training: Training(id=1, traineeId=2, trainerId=1, name=Morning Cardio Session, type=CARDIO, date=2023-10-14, duration=60)
2025-02-06 20:49:11.766 INFO [main] c.l.e.c.g.d.storage.TrainingStorage TrainingStorage initialized successfully
2025-02-06 20:49:11.863 DEBUG [main] c.l.e.c.g.s.impl.TrainerServiceImpl Creating trainer: TrainerDto(specialization=CARDIO)
2025-02-06 20:49:11.863 DEBUG [main] c.l.e.c.g.s.impl.UserProfileService Generating username for user profile: TrainerDto(specialization=CARDIO)
2025-02-06 20:49:11.863 DEBUG [main] c.l.e.c.gym.dao.impl.TraineeDaoImpl Finding all trainees
2025-02-06 20:49:11.863 INFO [main] c.l.e.c.gym.dao.impl.TraineeDaoImpl Number of trainees found: 1
2025-02-06 20:49:11.863 DEBUG [main] c.l.e.c.gym.dao.impl.TrainerDaoImpl Finding all trainers
2025-02-06 20:49:11.863 INFO [main] c.l.e.c.gym.dao.impl.TrainerDaoImpl Number of trainers found: 1
2025-02-06 20:49:11.910 DEBUG [main] c.l.e.c.gym.dao.impl.TrainerDaoImpl Saving trainer: Trainer(specialization=CARDIO)
2025-02-06 20:49:11.910 INFO [main] c.l.e.c.gym.dao.impl.TrainerDaoImpl Trainer saved with ID: 2
2025-02-06 20:49:11.910 DEBUG [main] c.l.e.c.g.s.impl.TrainerServiceImpl Creating trainer: TrainerDto(specialization=STRENGTH_TRAINING)
2025-02-06 20:49:11.910 DEBUG [main] c.l.e.c.g.s.impl.UserProfileService Generating username for user profile: TrainerDto(specialization=STRENGTH_TRAINING)
2025-02-06 20:49:11.910 DEBUG [main] c.l.e.c.gym.dao.impl.TraineeDaoImpl Finding all trainees
2025-02-06 20:49:11.910 INFO [main] c.l.e.c.gym.dao.impl.TraineeDaoImpl Number of trainees found: 1
2025-02-06 20:49:11.910 DEBUG [main] c.l.e.c.gym.dao.impl.TrainerDaoImpl Finding all trainers
2025-02-06 20:49:11.910 INFO [main] c.l.e.c.gym.dao.impl.TrainerDaoImpl Number of trainers found: 2
2025-02-06 20:49:11.915 DEBUG [main] c.l.e.c.gym.dao.impl.TrainerDaoImpl Saving trainer: Trainer(specialization=STRENGTH_TRAINING)
2025-02-06 20:49:11.915 INFO [main] c.l.e.c.gym.dao.impl.TrainerDaoImpl Trainer saved with ID: 3
2025-02-06 20:49:11.915 DEBUG [main] c.l.e.c.g.s.impl.TrainerServiceImpl Finding all trainers
2025-02-06 20:49:11.915 DEBUG [main] c.l.e.c.gym.dao.impl.TrainerDaoImpl Finding all trainers
2025-02-06 20:49:11.915 INFO [main] c.l.e.c.gym.dao.impl.TrainerDaoImpl Number of trainers found: 3
2025-02-06 20:51:44.807 DEBUG [main] c.l.e.c.g.dao.storage.TraineeStorage Initializing TraineeStorage from file: src/main/resources/data/dev-data.csv
2025-02-06 20:51:44.807 DEBUG [main] c.l.e.c.g.dao.storage.TraineeStorage Loaded trainee: Trainee(dateOfBirth=1990-01-01, address=123 Main St)
2025-02-06 20:51:44.807 INFO [main] c.l.e.c.g.dao.storage.TraineeStorage TraineeStorage initialized successfully
2025-02-06 20:51:44.807 DEBUG [main] c.l.e.c.g.dao.storage.TrainerStorage Initializing TrainerStorage from file: src/main/resources/data/dev-data.csv
2025-02-06 20:51:44.807 DEBUG [main] c.l.e.c.g.dao.storage.TrainerStorage Loaded trainer: Trainer(specialization=CARDIO)
2025-02-06 20:51:44.807 INFO [main] c.l.e.c.g.dao.storage.TrainerStorage TrainerStorage initialized successfully
2025-02-06 20:51:44.807 DEBUG [main] c.l.e.c.g.d.storage.TrainingStorage Initializing TrainingStorage from file: src/main/resources/data/dev-data.csv
2025-02-06 20:51:44.807 DEBUG [main] c.l.e.c.g.d.storage.TrainingStorage Loaded training: Training(id=1, traineeId=2, trainerId=1, name=Morning Cardio Session, type=CARDIO, date=2023-10-14, duration=60)
2025-02-06 20:51:44.807 INFO [main] c.l.e.c.g.d.storage.TrainingStorage TrainingStorage initialized successfully
2025-02-06 20:51:44.912 DEBUG [main] c.l.e.c.g.s.impl.TrainerServiceImpl Creating trainer: TrainerDto(specialization=CARDIO)
2025-02-06 20:51:44.914 DEBUG [main] c.l.e.c.g.s.impl.UserProfileService Generating username for user profile: TrainerDto(specialization=CARDIO)
2025-02-06 20:51:44.914 DEBUG [main] c.l.e.c.gym.dao.impl.TraineeDaoImpl Finding all trainees
2025-02-06 20:51:44.914 INFO [main] c.l.e.c.gym.dao.impl.TraineeDaoImpl Number of trainees found: 1
2025-02-06 20:51:44.914 DEBUG [main] c.l.e.c.gym.dao.impl.TrainerDaoImpl Finding all trainers
2025-02-06 20:51:44.914 INFO [main] c.l.e.c.gym.dao.impl.TrainerDaoImpl Number of trainers found: 1
2025-02-06 20:51:44.959 DEBUG [main] c.l.e.c.gym.dao.impl.TrainerDaoImpl Saving trainer: Trainer(specialization=CARDIO)
2025-02-06 20:51:44.959 INFO [main] c.l.e.c.gym.dao.impl.TrainerDaoImpl Trainer saved with ID: 2
2025-02-06 20:51:44.959 DEBUG [main] c.l.e.c.g.s.impl.TrainerServiceImpl Creating trainer: TrainerDto(specialization=STRENGTH_TRAINING)
2025-02-06 20:51:44.959 DEBUG [main] c.l.e.c.g.s.impl.UserProfileService Generating username for user profile: TrainerDto(specialization=STRENGTH_TRAINING)
2025-02-06 20:51:44.959 DEBUG [main] c.l.e.c.gym.dao.impl.TraineeDaoImpl Finding all trainees
2025-02-06 20:51:44.959 INFO [main] c.l.e.c.gym.dao.impl.TraineeDaoImpl Number of trainees found: 1
2025-02-06 20:51:44.959 DEBUG [main] c.l.e.c.gym.dao.impl.TrainerDaoImpl Finding all trainers
2025-02-06 20:51:44.959 INFO [main] c.l.e.c.gym.dao.impl.TrainerDaoImpl Number of trainers found: 2
2025-02-06 20:51:44.959 DEBUG [main] c.l.e.c.gym.dao.impl.TrainerDaoImpl Saving trainer: Trainer(specialization=STRENGTH_TRAINING)
2025-02-06 20:51:44.959 INFO [main] c.l.e.c.gym.dao.impl.TrainerDaoImpl Trainer saved with ID: 3
2025-02-06 20:51:44.959 DEBUG [main] c.l.e.c.g.s.impl.TrainerServiceImpl Finding all trainers
2025-02-06 20:51:44.959 DEBUG [main] c.l.e.c.gym.dao.impl.TrainerDaoImpl Finding all trainers
2025-02-06 20:51:44.959 INFO [main] c.l.e.c.gym.dao.impl.TrainerDaoImpl Number of trainers found: 3
